--------------------------------------------------------------------------------
Release 13.2 Trace  (nt64)
Copyright (c) 1995-2011 Xilinx, Inc.  All rights reserved.

D:\Xilinx\ISE_DS\ISE\bin\nt64\unwrapped\trce.exe -intstyle ise -v 3 -s 3 -n 3
-fastpaths -xml cla_4.twx cla_4.ncd -o cla_4.twr cla_4.pcf

Design file:              cla_4.ncd
Physical constraint file: cla_4.pcf
Device,package,speed:     xc6slx16,csg324,C,-3 (PRODUCTION 1.19 2011-06-20)
Report level:             verbose report

Environment Variable      Effect 
--------------------      ------ 
NONE                      No environment variables were set
--------------------------------------------------------------------------------

INFO:Timing:2698 - No timing constraints found, doing default enumeration.
INFO:Timing:2752 - To get complete path coverage, use the unconstrained paths 
   option. All paths that are not constrained will be reported in the 
   unconstrained paths section(s) of the report.
INFO:Timing:3339 - The clock-to-out numbers in this timing report are based on 
   a 50 Ohm transmission line loading model.  For the details of this model, 
   and for more information on accounting for different loading conditions, 
   please see the device datasheet.



Data Sheet report:
-----------------
All values displayed in nanoseconds (ns)

Pad to Pad
---------------+---------------+---------+
Source Pad     |Destination Pad|  Delay  |
---------------+---------------+---------+
a<0>           |g_out          |    7.063|
a<0>           |p_out          |    7.421|
a<0>           |s<0>           |    6.116|
a<0>           |s<1>           |    6.870|
a<0>           |s<2>           |    7.389|
a<0>           |s<3>           |    7.112|
a<1>           |g_out          |    6.640|
a<1>           |p_out          |    6.998|
a<1>           |s<1>           |    6.551|
a<1>           |s<2>           |    7.070|
a<1>           |s<3>           |    6.793|
a<2>           |g_out          |    6.524|
a<2>           |p_out          |    6.158|
a<2>           |s<2>           |    6.922|
a<2>           |s<3>           |    6.645|
a<3>           |g_out          |    6.583|
a<3>           |p_out          |    6.379|
a<3>           |s<3>           |    6.305|
b<0>           |g_out          |    7.082|
b<0>           |p_out          |    7.440|
b<0>           |s<0>           |    6.241|
b<0>           |s<1>           |    6.900|
b<0>           |s<2>           |    7.419|
b<0>           |s<3>           |    7.142|
b<1>           |g_out          |    6.881|
b<1>           |p_out          |    7.239|
b<1>           |s<1>           |    6.869|
b<1>           |s<2>           |    7.388|
b<1>           |s<3>           |    7.111|
b<2>           |g_out          |    6.602|
b<2>           |p_out          |    6.481|
b<2>           |s<2>           |    6.668|
b<2>           |s<3>           |    6.391|
b<3>           |g_out          |    6.769|
b<3>           |p_out          |    6.362|
b<3>           |s<3>           |    6.924|
c_in           |s<0>           |    6.311|
c_in           |s<1>           |    6.699|
c_in           |s<2>           |    7.218|
c_in           |s<3>           |    6.941|
---------------+---------------+---------+


Analysis completed Mon Oct 21 16:12:56 2013 
--------------------------------------------------------------------------------

Trace Settings:
-------------------------
Trace Settings 

Peak Memory Usage: 208 MB



