--------------------------------------------------------------------------------
Release 13.2 Trace  (nt64)
Copyright (c) 1995-2011 Xilinx, Inc.  All rights reserved.

D:\Xilinx\ISE_DS\ISE\bin\nt64\unwrapped\trce.exe -intstyle ise -v 3 -s 3 -n 3
-fastpaths -xml cla_32_final.twx cla_32_final.ncd -o cla_32_final.twr
cla_32_final.pcf

Design file:              cla_32_final.ncd
Physical constraint file: cla_32_final.pcf
Device,package,speed:     xc6slx16,csg324,C,-3 (PRODUCTION 1.19 2011-06-20)
Report level:             verbose report

Environment Variable      Effect 
--------------------      ------ 
NONE                      No environment variables were set
--------------------------------------------------------------------------------

INFO:Timing:2698 - No timing constraints found, doing default enumeration.
INFO:Timing:2752 - To get complete path coverage, use the unconstrained paths 
   option. All paths that are not constrained will be reported in the 
   unconstrained paths section(s) of the report.
INFO:Timing:3339 - The clock-to-out numbers in this timing report are based on 
   a 50 Ohm transmission line loading model.  For the details of this model, 
   and for more information on accounting for different loading conditions, 
   please see the device datasheet.



Data Sheet report:
-----------------
All values displayed in nanoseconds (ns)

Pad to Pad
---------------+---------------+---------+
Source Pad     |Destination Pad|  Delay  |
---------------+---------------+---------+
a<0>           |co             |   22.071|
a<0>           |s<0>           |   11.707|
a<0>           |s<1>           |   11.775|
a<0>           |s<2>           |   12.230|
a<0>           |s<3>           |   12.265|
a<0>           |s<4>           |   13.410|
a<0>           |s<5>           |   13.422|
a<0>           |s<6>           |   13.890|
a<0>           |s<7>           |   13.959|
a<0>           |s<8>           |   14.034|
a<0>           |s<9>           |   14.855|
a<0>           |s<10>          |   14.710|
a<0>           |s<11>          |   14.584|
a<0>           |s<12>          |   14.555|
a<0>           |s<13>          |   15.071|
a<0>           |s<14>          |   15.474|
a<0>           |s<15>          |   15.447|
a<0>           |s<16>          |   16.097|
a<0>           |s<17>          |   16.161|
a<0>           |s<18>          |   16.812|
a<0>           |s<19>          |   16.693|
a<0>           |s<20>          |   17.420|
a<0>           |s<21>          |   17.621|
a<0>           |s<22>          |   17.900|
a<0>           |s<23>          |   17.936|
a<0>           |s<24>          |   18.679|
a<0>           |s<25>          |   18.485|
a<0>           |s<26>          |   19.208|
a<0>           |s<27>          |   19.161|
a<0>           |s<28>          |   19.437|
a<0>           |s<29>          |   19.656|
a<0>           |s<30>          |   20.359|
a<0>           |s<31>          |   20.507|
a<1>           |co             |   21.418|
a<1>           |s<1>           |   11.406|
a<1>           |s<2>           |   11.861|
a<1>           |s<3>           |   11.896|
a<1>           |s<4>           |   12.757|
a<1>           |s<5>           |   12.769|
a<1>           |s<6>           |   13.237|
a<1>           |s<7>           |   13.306|
a<1>           |s<8>           |   13.381|
a<1>           |s<9>           |   14.202|
a<1>           |s<10>          |   14.057|
a<1>           |s<11>          |   13.931|
a<1>           |s<12>          |   13.902|
a<1>           |s<13>          |   14.418|
a<1>           |s<14>          |   14.821|
a<1>           |s<15>          |   14.794|
a<1>           |s<16>          |   15.444|
a<1>           |s<17>          |   15.508|
a<1>           |s<18>          |   16.159|
a<1>           |s<19>          |   16.040|
a<1>           |s<20>          |   16.767|
a<1>           |s<21>          |   16.968|
a<1>           |s<22>          |   17.247|
a<1>           |s<23>          |   17.283|
a<1>           |s<24>          |   18.026|
a<1>           |s<25>          |   17.832|
a<1>           |s<26>          |   18.555|
a<1>           |s<27>          |   18.508|
a<1>           |s<28>          |   18.784|
a<1>           |s<29>          |   19.003|
a<1>           |s<30>          |   19.706|
a<1>           |s<31>          |   19.854|
a<2>           |co             |   21.933|
a<2>           |s<2>           |   11.399|
a<2>           |s<3>           |   11.434|
a<2>           |s<4>           |   13.272|
a<2>           |s<5>           |   13.284|
a<2>           |s<6>           |   13.752|
a<2>           |s<7>           |   13.821|
a<2>           |s<8>           |   13.896|
a<2>           |s<9>           |   14.717|
a<2>           |s<10>          |   14.572|
a<2>           |s<11>          |   14.446|
a<2>           |s<12>          |   14.417|
a<2>           |s<13>          |   14.933|
a<2>           |s<14>          |   15.336|
a<2>           |s<15>          |   15.309|
a<2>           |s<16>          |   15.959|
a<2>           |s<17>          |   16.023|
a<2>           |s<18>          |   16.674|
a<2>           |s<19>          |   16.555|
a<2>           |s<20>          |   17.282|
a<2>           |s<21>          |   17.483|
a<2>           |s<22>          |   17.762|
a<2>           |s<23>          |   17.798|
a<2>           |s<24>          |   18.541|
a<2>           |s<25>          |   18.347|
a<2>           |s<26>          |   19.070|
a<2>           |s<27>          |   19.023|
a<2>           |s<28>          |   19.299|
a<2>           |s<29>          |   19.518|
a<2>           |s<30>          |   20.221|
a<2>           |s<31>          |   20.369|
a<3>           |co             |   21.913|
a<3>           |s<3>           |   11.192|
a<3>           |s<4>           |   13.252|
a<3>           |s<5>           |   13.264|
a<3>           |s<6>           |   13.732|
a<3>           |s<7>           |   13.801|
a<3>           |s<8>           |   13.876|
a<3>           |s<9>           |   14.697|
a<3>           |s<10>          |   14.552|
a<3>           |s<11>          |   14.426|
a<3>           |s<12>          |   14.397|
a<3>           |s<13>          |   14.913|
a<3>           |s<14>          |   15.316|
a<3>           |s<15>          |   15.289|
a<3>           |s<16>          |   15.939|
a<3>           |s<17>          |   16.003|
a<3>           |s<18>          |   16.654|
a<3>           |s<19>          |   16.535|
a<3>           |s<20>          |   17.262|
a<3>           |s<21>          |   17.463|
a<3>           |s<22>          |   17.742|
a<3>           |s<23>          |   17.778|
a<3>           |s<24>          |   18.521|
a<3>           |s<25>          |   18.327|
a<3>           |s<26>          |   19.050|
a<3>           |s<27>          |   19.003|
a<3>           |s<28>          |   19.279|
a<3>           |s<29>          |   19.498|
a<3>           |s<30>          |   20.201|
a<3>           |s<31>          |   20.349|
a<4>           |co             |   20.849|
a<4>           |s<4>           |   11.700|
a<4>           |s<5>           |   11.781|
a<4>           |s<6>           |   12.249|
a<4>           |s<7>           |   12.318|
a<4>           |s<8>           |   12.812|
a<4>           |s<9>           |   13.633|
a<4>           |s<10>          |   13.488|
a<4>           |s<11>          |   13.362|
a<4>           |s<12>          |   13.333|
a<4>           |s<13>          |   13.849|
a<4>           |s<14>          |   14.252|
a<4>           |s<15>          |   14.225|
a<4>           |s<16>          |   14.875|
a<4>           |s<17>          |   14.939|
a<4>           |s<18>          |   15.590|
a<4>           |s<19>          |   15.471|
a<4>           |s<20>          |   16.198|
a<4>           |s<21>          |   16.399|
a<4>           |s<22>          |   16.678|
a<4>           |s<23>          |   16.714|
a<4>           |s<24>          |   17.457|
a<4>           |s<25>          |   17.263|
a<4>           |s<26>          |   17.986|
a<4>           |s<27>          |   17.939|
a<4>           |s<28>          |   18.215|
a<4>           |s<29>          |   18.434|
a<4>           |s<30>          |   19.137|
a<4>           |s<31>          |   19.285|
a<5>           |co             |   20.180|
a<5>           |s<5>           |   10.962|
a<5>           |s<6>           |   11.430|
a<5>           |s<7>           |   11.499|
a<5>           |s<8>           |   12.143|
a<5>           |s<9>           |   12.964|
a<5>           |s<10>          |   12.819|
a<5>           |s<11>          |   12.693|
a<5>           |s<12>          |   12.664|
a<5>           |s<13>          |   13.180|
a<5>           |s<14>          |   13.583|
a<5>           |s<15>          |   13.556|
a<5>           |s<16>          |   14.206|
a<5>           |s<17>          |   14.270|
a<5>           |s<18>          |   14.921|
a<5>           |s<19>          |   14.802|
a<5>           |s<20>          |   15.529|
a<5>           |s<21>          |   15.730|
a<5>           |s<22>          |   16.009|
a<5>           |s<23>          |   16.045|
a<5>           |s<24>          |   16.788|
a<5>           |s<25>          |   16.594|
a<5>           |s<26>          |   17.317|
a<5>           |s<27>          |   17.270|
a<5>           |s<28>          |   17.546|
a<5>           |s<29>          |   17.765|
a<5>           |s<30>          |   18.468|
a<5>           |s<31>          |   18.616|
a<6>           |co             |   19.753|
a<6>           |s<6>           |   11.123|
a<6>           |s<7>           |   11.192|
a<6>           |s<8>           |   11.716|
a<6>           |s<9>           |   12.537|
a<6>           |s<10>          |   12.392|
a<6>           |s<11>          |   12.266|
a<6>           |s<12>          |   12.237|
a<6>           |s<13>          |   12.753|
a<6>           |s<14>          |   13.156|
a<6>           |s<15>          |   13.129|
a<6>           |s<16>          |   13.779|
a<6>           |s<17>          |   13.843|
a<6>           |s<18>          |   14.494|
a<6>           |s<19>          |   14.375|
a<6>           |s<20>          |   15.102|
a<6>           |s<21>          |   15.303|
a<6>           |s<22>          |   15.582|
a<6>           |s<23>          |   15.618|
a<6>           |s<24>          |   16.361|
a<6>           |s<25>          |   16.167|
a<6>           |s<26>          |   16.890|
a<6>           |s<27>          |   16.843|
a<6>           |s<28>          |   17.119|
a<6>           |s<29>          |   17.338|
a<6>           |s<30>          |   18.041|
a<6>           |s<31>          |   18.189|
a<7>           |co             |   18.844|
a<7>           |s<7>           |   11.145|
a<7>           |s<8>           |   10.807|
a<7>           |s<9>           |   11.628|
a<7>           |s<10>          |   11.483|
a<7>           |s<11>          |   11.357|
a<7>           |s<12>          |   11.328|
a<7>           |s<13>          |   11.844|
a<7>           |s<14>          |   12.247|
a<7>           |s<15>          |   12.220|
a<7>           |s<16>          |   12.870|
a<7>           |s<17>          |   12.934|
a<7>           |s<18>          |   13.585|
a<7>           |s<19>          |   13.466|
a<7>           |s<20>          |   14.193|
a<7>           |s<21>          |   14.394|
a<7>           |s<22>          |   14.673|
a<7>           |s<23>          |   14.709|
a<7>           |s<24>          |   15.452|
a<7>           |s<25>          |   15.258|
a<7>           |s<26>          |   15.981|
a<7>           |s<27>          |   15.934|
a<7>           |s<28>          |   16.210|
a<7>           |s<29>          |   16.429|
a<7>           |s<30>          |   17.132|
a<7>           |s<31>          |   17.280|
a<8>           |co             |   18.486|
a<8>           |s<8>           |   10.449|
a<8>           |s<9>           |   10.904|
a<8>           |s<10>          |   10.759|
a<8>           |s<11>          |   10.633|
a<8>           |s<12>          |   10.970|
a<8>           |s<13>          |   11.486|
a<8>           |s<14>          |   11.889|
a<8>           |s<15>          |   11.862|
a<8>           |s<16>          |   12.512|
a<8>           |s<17>          |   12.576|
a<8>           |s<18>          |   13.227|
a<8>           |s<19>          |   13.108|
a<8>           |s<20>          |   13.835|
a<8>           |s<21>          |   14.036|
a<8>           |s<22>          |   14.315|
a<8>           |s<23>          |   14.351|
a<8>           |s<24>          |   15.094|
a<8>           |s<25>          |   14.900|
a<8>           |s<26>          |   15.623|
a<8>           |s<27>          |   15.576|
a<8>           |s<28>          |   15.852|
a<8>           |s<29>          |   16.071|
a<8>           |s<30>          |   16.774|
a<8>           |s<31>          |   16.922|
a<9>           |co             |   17.543|
a<9>           |s<9>           |   10.802|
a<9>           |s<10>          |   10.657|
a<9>           |s<11>          |   10.531|
a<9>           |s<12>          |   10.027|
a<9>           |s<13>          |   10.543|
a<9>           |s<14>          |   10.946|
a<9>           |s<15>          |   10.919|
a<9>           |s<16>          |   11.569|
a<9>           |s<17>          |   11.633|
a<9>           |s<18>          |   12.284|
a<9>           |s<19>          |   12.165|
a<9>           |s<20>          |   12.892|
a<9>           |s<21>          |   13.093|
a<9>           |s<22>          |   13.372|
a<9>           |s<23>          |   13.408|
a<9>           |s<24>          |   14.151|
a<9>           |s<25>          |   13.957|
a<9>           |s<26>          |   14.680|
a<9>           |s<27>          |   14.633|
a<9>           |s<28>          |   14.909|
a<9>           |s<29>          |   15.128|
a<9>           |s<30>          |   15.831|
a<9>           |s<31>          |   15.979|
a<10>          |co             |   18.183|
a<10>          |s<10>          |   10.673|
a<10>          |s<11>          |   10.547|
a<10>          |s<12>          |   10.667|
a<10>          |s<13>          |   11.183|
a<10>          |s<14>          |   11.586|
a<10>          |s<15>          |   11.559|
a<10>          |s<16>          |   12.209|
a<10>          |s<17>          |   12.273|
a<10>          |s<18>          |   12.924|
a<10>          |s<19>          |   12.805|
a<10>          |s<20>          |   13.532|
a<10>          |s<21>          |   13.733|
a<10>          |s<22>          |   14.012|
a<10>          |s<23>          |   14.048|
a<10>          |s<24>          |   14.791|
a<10>          |s<25>          |   14.597|
a<10>          |s<26>          |   15.320|
a<10>          |s<27>          |   15.273|
a<10>          |s<28>          |   15.549|
a<10>          |s<29>          |   15.768|
a<10>          |s<30>          |   16.471|
a<10>          |s<31>          |   16.619|
a<11>          |co             |   17.918|
a<11>          |s<11>          |   10.460|
a<11>          |s<12>          |   10.402|
a<11>          |s<13>          |   10.918|
a<11>          |s<14>          |   11.321|
a<11>          |s<15>          |   11.294|
a<11>          |s<16>          |   11.944|
a<11>          |s<17>          |   12.008|
a<11>          |s<18>          |   12.659|
a<11>          |s<19>          |   12.540|
a<11>          |s<20>          |   13.267|
a<11>          |s<21>          |   13.468|
a<11>          |s<22>          |   13.747|
a<11>          |s<23>          |   13.783|
a<11>          |s<24>          |   14.526|
a<11>          |s<25>          |   14.332|
a<11>          |s<26>          |   15.055|
a<11>          |s<27>          |   15.008|
a<11>          |s<28>          |   15.284|
a<11>          |s<29>          |   15.503|
a<11>          |s<30>          |   16.206|
a<11>          |s<31>          |   16.354|
a<12>          |co             |   17.563|
a<12>          |s<12>          |   10.138|
a<12>          |s<13>          |   10.563|
a<12>          |s<14>          |   10.966|
a<12>          |s<15>          |   10.939|
a<12>          |s<16>          |   11.589|
a<12>          |s<17>          |   11.653|
a<12>          |s<18>          |   12.304|
a<12>          |s<19>          |   12.185|
a<12>          |s<20>          |   12.912|
a<12>          |s<21>          |   13.113|
a<12>          |s<22>          |   13.392|
a<12>          |s<23>          |   13.428|
a<12>          |s<24>          |   14.171|
a<12>          |s<25>          |   13.977|
a<12>          |s<26>          |   14.700|
a<12>          |s<27>          |   14.653|
a<12>          |s<28>          |   14.929|
a<12>          |s<29>          |   15.148|
a<12>          |s<30>          |   15.851|
a<12>          |s<31>          |   15.999|
a<13>          |co             |   17.196|
a<13>          |s<13>          |   10.196|
a<13>          |s<14>          |   10.599|
a<13>          |s<15>          |   10.572|
a<13>          |s<16>          |   11.222|
a<13>          |s<17>          |   11.286|
a<13>          |s<18>          |   11.937|
a<13>          |s<19>          |   11.818|
a<13>          |s<20>          |   12.545|
a<13>          |s<21>          |   12.746|
a<13>          |s<22>          |   13.025|
a<13>          |s<23>          |   13.061|
a<13>          |s<24>          |   13.804|
a<13>          |s<25>          |   13.610|
a<13>          |s<26>          |   14.333|
a<13>          |s<27>          |   14.286|
a<13>          |s<28>          |   14.562|
a<13>          |s<29>          |   14.781|
a<13>          |s<30>          |   15.484|
a<13>          |s<31>          |   15.632|
a<14>          |co             |   16.581|
a<14>          |s<14>          |    9.782|
a<14>          |s<15>          |    9.957|
a<14>          |s<16>          |   10.607|
a<14>          |s<17>          |   10.671|
a<14>          |s<18>          |   11.322|
a<14>          |s<19>          |   11.203|
a<14>          |s<20>          |   11.930|
a<14>          |s<21>          |   12.131|
a<14>          |s<22>          |   12.410|
a<14>          |s<23>          |   12.446|
a<14>          |s<24>          |   13.189|
a<14>          |s<25>          |   12.995|
a<14>          |s<26>          |   13.718|
a<14>          |s<27>          |   13.671|
a<14>          |s<28>          |   13.947|
a<14>          |s<29>          |   14.166|
a<14>          |s<30>          |   14.869|
a<14>          |s<31>          |   15.017|
a<15>          |co             |   16.696|
a<15>          |s<15>          |   10.072|
a<15>          |s<16>          |   10.722|
a<15>          |s<17>          |   10.786|
a<15>          |s<18>          |   11.437|
a<15>          |s<19>          |   11.318|
a<15>          |s<20>          |   12.045|
a<15>          |s<21>          |   12.246|
a<15>          |s<22>          |   12.525|
a<15>          |s<23>          |   12.561|
a<15>          |s<24>          |   13.304|
a<15>          |s<25>          |   13.110|
a<15>          |s<26>          |   13.833|
a<15>          |s<27>          |   13.786|
a<15>          |s<28>          |   14.062|
a<15>          |s<29>          |   14.281|
a<15>          |s<30>          |   14.984|
a<15>          |s<31>          |   15.132|
a<16>          |co             |   15.638|
a<16>          |s<16>          |    9.665|
a<16>          |s<17>          |    9.728|
a<16>          |s<18>          |   10.379|
a<16>          |s<19>          |   10.260|
a<16>          |s<20>          |   10.987|
a<16>          |s<21>          |   11.188|
a<16>          |s<22>          |   11.467|
a<16>          |s<23>          |   11.503|
a<16>          |s<24>          |   12.246|
a<16>          |s<25>          |   12.052|
a<16>          |s<26>          |   12.775|
a<16>          |s<27>          |   12.728|
a<16>          |s<28>          |   13.004|
a<16>          |s<29>          |   13.223|
a<16>          |s<30>          |   13.926|
a<16>          |s<31>          |   14.074|
a<17>          |co             |   16.240|
a<17>          |s<17>          |   10.330|
a<17>          |s<18>          |   10.981|
a<17>          |s<19>          |   10.862|
a<17>          |s<20>          |   11.589|
a<17>          |s<21>          |   11.790|
a<17>          |s<22>          |   12.069|
a<17>          |s<23>          |   12.105|
a<17>          |s<24>          |   12.848|
a<17>          |s<25>          |   12.654|
a<17>          |s<26>          |   13.377|
a<17>          |s<27>          |   13.330|
a<17>          |s<28>          |   13.606|
a<17>          |s<29>          |   13.825|
a<17>          |s<30>          |   14.528|
a<17>          |s<31>          |   14.676|
a<18>          |co             |   15.019|
a<18>          |s<18>          |    9.677|
a<18>          |s<19>          |    9.641|
a<18>          |s<20>          |   10.368|
a<18>          |s<21>          |   10.569|
a<18>          |s<22>          |   10.848|
a<18>          |s<23>          |   10.884|
a<18>          |s<24>          |   11.627|
a<18>          |s<25>          |   11.433|
a<18>          |s<26>          |   12.156|
a<18>          |s<27>          |   12.109|
a<18>          |s<28>          |   12.385|
a<18>          |s<29>          |   12.604|
a<18>          |s<30>          |   13.307|
a<18>          |s<31>          |   13.455|
a<19>          |co             |   15.417|
a<19>          |s<19>          |   10.039|
a<19>          |s<20>          |   10.766|
a<19>          |s<21>          |   10.967|
a<19>          |s<22>          |   11.246|
a<19>          |s<23>          |   11.282|
a<19>          |s<24>          |   12.025|
a<19>          |s<25>          |   11.831|
a<19>          |s<26>          |   12.554|
a<19>          |s<27>          |   12.507|
a<19>          |s<28>          |   12.783|
a<19>          |s<29>          |   13.002|
a<19>          |s<30>          |   13.705|
a<19>          |s<31>          |   13.853|
a<20>          |co             |   13.920|
a<20>          |s<20>          |    9.583|
a<20>          |s<21>          |    9.470|
a<20>          |s<22>          |    9.749|
a<20>          |s<23>          |    9.785|
a<20>          |s<24>          |   10.528|
a<20>          |s<25>          |   10.334|
a<20>          |s<26>          |   11.057|
a<20>          |s<27>          |   11.010|
a<20>          |s<28>          |   11.286|
a<20>          |s<29>          |   11.505|
a<20>          |s<30>          |   12.208|
a<20>          |s<31>          |   12.356|
a<21>          |co             |   14.293|
a<21>          |s<21>          |    9.843|
a<21>          |s<22>          |   10.122|
a<21>          |s<23>          |   10.158|
a<21>          |s<24>          |   10.901|
a<21>          |s<25>          |   10.707|
a<21>          |s<26>          |   11.430|
a<21>          |s<27>          |   11.383|
a<21>          |s<28>          |   11.659|
a<21>          |s<29>          |   11.878|
a<21>          |s<30>          |   12.581|
a<21>          |s<31>          |   12.729|
a<22>          |co             |   14.121|
a<22>          |s<22>          |    9.625|
a<22>          |s<23>          |    9.986|
a<22>          |s<24>          |   10.729|
a<22>          |s<25>          |   10.535|
a<22>          |s<26>          |   11.258|
a<22>          |s<27>          |   11.211|
a<22>          |s<28>          |   11.487|
a<22>          |s<29>          |   11.706|
a<22>          |s<30>          |   12.409|
a<22>          |s<31>          |   12.557|
a<23>          |co             |   13.889|
a<23>          |s<23>          |    9.754|
a<23>          |s<24>          |   10.497|
a<23>          |s<25>          |   10.303|
a<23>          |s<26>          |   11.026|
a<23>          |s<27>          |   10.979|
a<23>          |s<28>          |   11.255|
a<23>          |s<29>          |   11.474|
a<23>          |s<30>          |   12.177|
a<23>          |s<31>          |   12.325|
a<24>          |co             |   13.403|
a<24>          |s<24>          |    9.757|
a<24>          |s<25>          |    9.817|
a<24>          |s<26>          |   10.540|
a<24>          |s<27>          |   10.493|
a<24>          |s<28>          |   10.769|
a<24>          |s<29>          |   10.988|
a<24>          |s<30>          |   11.691|
a<24>          |s<31>          |   11.839|
a<25>          |co             |   13.159|
a<25>          |s<25>          |    9.573|
a<25>          |s<26>          |   10.296|
a<25>          |s<27>          |   10.249|
a<25>          |s<28>          |   10.525|
a<25>          |s<29>          |   10.744|
a<25>          |s<30>          |   11.447|
a<25>          |s<31>          |   11.595|
a<26>          |co             |   12.918|
a<26>          |s<26>          |    9.831|
a<26>          |s<27>          |   10.008|
a<26>          |s<28>          |   10.284|
a<26>          |s<29>          |   10.503|
a<26>          |s<30>          |   11.206|
a<26>          |s<31>          |   11.354|
a<27>          |co             |   12.194|
a<27>          |s<27>          |    9.284|
a<27>          |s<28>          |    9.560|
a<27>          |s<29>          |    9.779|
a<27>          |s<30>          |   10.482|
a<27>          |s<31>          |   10.630|
a<28>          |co             |   11.988|
a<28>          |s<28>          |    9.225|
a<28>          |s<29>          |    9.573|
a<28>          |s<30>          |   10.276|
a<28>          |s<31>          |   10.424|
a<29>          |co             |   11.475|
a<29>          |s<29>          |    9.060|
a<29>          |s<30>          |    9.763|
a<29>          |s<31>          |    9.911|
a<30>          |co             |   10.916|
a<30>          |s<30>          |    9.789|
a<30>          |s<31>          |    9.352|
a<31>          |co             |   10.707|
a<31>          |s<31>          |    9.143|
b<0>           |co             |   21.961|
b<0>           |s<0>           |   11.435|
b<0>           |s<1>           |   11.533|
b<0>           |s<2>           |   11.988|
b<0>           |s<3>           |   12.023|
b<0>           |s<4>           |   13.300|
b<0>           |s<5>           |   13.312|
b<0>           |s<6>           |   13.780|
b<0>           |s<7>           |   13.849|
b<0>           |s<8>           |   13.924|
b<0>           |s<9>           |   14.745|
b<0>           |s<10>          |   14.600|
b<0>           |s<11>          |   14.474|
b<0>           |s<12>          |   14.445|
b<0>           |s<13>          |   14.961|
b<0>           |s<14>          |   15.364|
b<0>           |s<15>          |   15.337|
b<0>           |s<16>          |   15.987|
b<0>           |s<17>          |   16.051|
b<0>           |s<18>          |   16.702|
b<0>           |s<19>          |   16.583|
b<0>           |s<20>          |   17.310|
b<0>           |s<21>          |   17.511|
b<0>           |s<22>          |   17.790|
b<0>           |s<23>          |   17.826|
b<0>           |s<24>          |   18.569|
b<0>           |s<25>          |   18.375|
b<0>           |s<26>          |   19.098|
b<0>           |s<27>          |   19.051|
b<0>           |s<28>          |   19.327|
b<0>           |s<29>          |   19.546|
b<0>           |s<30>          |   20.249|
b<0>           |s<31>          |   20.397|
b<1>           |co             |   21.658|
b<1>           |s<1>           |   11.388|
b<1>           |s<2>           |   11.843|
b<1>           |s<3>           |   11.878|
b<1>           |s<4>           |   12.997|
b<1>           |s<5>           |   13.009|
b<1>           |s<6>           |   13.477|
b<1>           |s<7>           |   13.546|
b<1>           |s<8>           |   13.621|
b<1>           |s<9>           |   14.442|
b<1>           |s<10>          |   14.297|
b<1>           |s<11>          |   14.171|
b<1>           |s<12>          |   14.142|
b<1>           |s<13>          |   14.658|
b<1>           |s<14>          |   15.061|
b<1>           |s<15>          |   15.034|
b<1>           |s<16>          |   15.684|
b<1>           |s<17>          |   15.748|
b<1>           |s<18>          |   16.399|
b<1>           |s<19>          |   16.280|
b<1>           |s<20>          |   17.007|
b<1>           |s<21>          |   17.208|
b<1>           |s<22>          |   17.487|
b<1>           |s<23>          |   17.523|
b<1>           |s<24>          |   18.266|
b<1>           |s<25>          |   18.072|
b<1>           |s<26>          |   18.795|
b<1>           |s<27>          |   18.748|
b<1>           |s<28>          |   19.024|
b<1>           |s<29>          |   19.243|
b<1>           |s<30>          |   19.946|
b<1>           |s<31>          |   20.094|
b<2>           |co             |   22.227|
b<2>           |s<2>           |   11.948|
b<2>           |s<3>           |   11.983|
b<2>           |s<4>           |   13.566|
b<2>           |s<5>           |   13.578|
b<2>           |s<6>           |   14.046|
b<2>           |s<7>           |   14.115|
b<2>           |s<8>           |   14.190|
b<2>           |s<9>           |   15.011|
b<2>           |s<10>          |   14.866|
b<2>           |s<11>          |   14.740|
b<2>           |s<12>          |   14.711|
b<2>           |s<13>          |   15.227|
b<2>           |s<14>          |   15.630|
b<2>           |s<15>          |   15.603|
b<2>           |s<16>          |   16.253|
b<2>           |s<17>          |   16.317|
b<2>           |s<18>          |   16.968|
b<2>           |s<19>          |   16.849|
b<2>           |s<20>          |   17.576|
b<2>           |s<21>          |   17.777|
b<2>           |s<22>          |   18.056|
b<2>           |s<23>          |   18.092|
b<2>           |s<24>          |   18.835|
b<2>           |s<25>          |   18.641|
b<2>           |s<26>          |   19.364|
b<2>           |s<27>          |   19.317|
b<2>           |s<28>          |   19.593|
b<2>           |s<29>          |   19.812|
b<2>           |s<30>          |   20.515|
b<2>           |s<31>          |   20.663|
b<3>           |co             |   22.026|
b<3>           |s<3>           |   11.123|
b<3>           |s<4>           |   13.365|
b<3>           |s<5>           |   13.377|
b<3>           |s<6>           |   13.845|
b<3>           |s<7>           |   13.914|
b<3>           |s<8>           |   13.989|
b<3>           |s<9>           |   14.810|
b<3>           |s<10>          |   14.665|
b<3>           |s<11>          |   14.539|
b<3>           |s<12>          |   14.510|
b<3>           |s<13>          |   15.026|
b<3>           |s<14>          |   15.429|
b<3>           |s<15>          |   15.402|
b<3>           |s<16>          |   16.052|
b<3>           |s<17>          |   16.116|
b<3>           |s<18>          |   16.767|
b<3>           |s<19>          |   16.648|
b<3>           |s<20>          |   17.375|
b<3>           |s<21>          |   17.576|
b<3>           |s<22>          |   17.855|
b<3>           |s<23>          |   17.891|
b<3>           |s<24>          |   18.634|
b<3>           |s<25>          |   18.440|
b<3>           |s<26>          |   19.163|
b<3>           |s<27>          |   19.116|
b<3>           |s<28>          |   19.392|
b<3>           |s<29>          |   19.611|
b<3>           |s<30>          |   20.314|
b<3>           |s<31>          |   20.462|
b<4>           |co             |   20.303|
b<4>           |s<4>           |   11.414|
b<4>           |s<5>           |   10.988|
b<4>           |s<6>           |   11.456|
b<4>           |s<7>           |   11.525|
b<4>           |s<8>           |   12.266|
b<4>           |s<9>           |   13.087|
b<4>           |s<10>          |   12.942|
b<4>           |s<11>          |   12.816|
b<4>           |s<12>          |   12.787|
b<4>           |s<13>          |   13.303|
b<4>           |s<14>          |   13.706|
b<4>           |s<15>          |   13.679|
b<4>           |s<16>          |   14.329|
b<4>           |s<17>          |   14.393|
b<4>           |s<18>          |   15.044|
b<4>           |s<19>          |   14.925|
b<4>           |s<20>          |   15.652|
b<4>           |s<21>          |   15.853|
b<4>           |s<22>          |   16.132|
b<4>           |s<23>          |   16.168|
b<4>           |s<24>          |   16.911|
b<4>           |s<25>          |   16.717|
b<4>           |s<26>          |   17.440|
b<4>           |s<27>          |   17.393|
b<4>           |s<28>          |   17.669|
b<4>           |s<29>          |   17.888|
b<4>           |s<30>          |   18.591|
b<4>           |s<31>          |   18.739|
b<5>           |co             |   20.167|
b<5>           |s<5>           |   10.744|
b<5>           |s<6>           |   11.212|
b<5>           |s<7>           |   11.281|
b<5>           |s<8>           |   12.130|
b<5>           |s<9>           |   12.951|
b<5>           |s<10>          |   12.806|
b<5>           |s<11>          |   12.680|
b<5>           |s<12>          |   12.651|
b<5>           |s<13>          |   13.167|
b<5>           |s<14>          |   13.570|
b<5>           |s<15>          |   13.543|
b<5>           |s<16>          |   14.193|
b<5>           |s<17>          |   14.257|
b<5>           |s<18>          |   14.908|
b<5>           |s<19>          |   14.789|
b<5>           |s<20>          |   15.516|
b<5>           |s<21>          |   15.717|
b<5>           |s<22>          |   15.996|
b<5>           |s<23>          |   16.032|
b<5>           |s<24>          |   16.775|
b<5>           |s<25>          |   16.581|
b<5>           |s<26>          |   17.304|
b<5>           |s<27>          |   17.257|
b<5>           |s<28>          |   17.533|
b<5>           |s<29>          |   17.752|
b<5>           |s<30>          |   18.455|
b<5>           |s<31>          |   18.603|
b<6>           |co             |   19.048|
b<6>           |s<6>           |   10.629|
b<6>           |s<7>           |   10.698|
b<6>           |s<8>           |   11.011|
b<6>           |s<9>           |   11.832|
b<6>           |s<10>          |   11.687|
b<6>           |s<11>          |   11.561|
b<6>           |s<12>          |   11.532|
b<6>           |s<13>          |   12.048|
b<6>           |s<14>          |   12.451|
b<6>           |s<15>          |   12.424|
b<6>           |s<16>          |   13.074|
b<6>           |s<17>          |   13.138|
b<6>           |s<18>          |   13.789|
b<6>           |s<19>          |   13.670|
b<6>           |s<20>          |   14.397|
b<6>           |s<21>          |   14.598|
b<6>           |s<22>          |   14.877|
b<6>           |s<23>          |   14.913|
b<6>           |s<24>          |   15.656|
b<6>           |s<25>          |   15.462|
b<6>           |s<26>          |   16.185|
b<6>           |s<27>          |   16.138|
b<6>           |s<28>          |   16.414|
b<6>           |s<29>          |   16.633|
b<6>           |s<30>          |   17.336|
b<6>           |s<31>          |   17.484|
b<7>           |co             |   18.980|
b<7>           |s<7>           |   10.890|
b<7>           |s<8>           |   10.943|
b<7>           |s<9>           |   11.764|
b<7>           |s<10>          |   11.619|
b<7>           |s<11>          |   11.493|
b<7>           |s<12>          |   11.464|
b<7>           |s<13>          |   11.980|
b<7>           |s<14>          |   12.383|
b<7>           |s<15>          |   12.356|
b<7>           |s<16>          |   13.006|
b<7>           |s<17>          |   13.070|
b<7>           |s<18>          |   13.721|
b<7>           |s<19>          |   13.602|
b<7>           |s<20>          |   14.329|
b<7>           |s<21>          |   14.530|
b<7>           |s<22>          |   14.809|
b<7>           |s<23>          |   14.845|
b<7>           |s<24>          |   15.588|
b<7>           |s<25>          |   15.394|
b<7>           |s<26>          |   16.117|
b<7>           |s<27>          |   16.070|
b<7>           |s<28>          |   16.346|
b<7>           |s<29>          |   16.565|
b<7>           |s<30>          |   17.268|
b<7>           |s<31>          |   17.416|
b<8>           |co             |   18.681|
b<8>           |s<8>           |   10.644|
b<8>           |s<9>           |   11.301|
b<8>           |s<10>          |   11.156|
b<8>           |s<11>          |   11.030|
b<8>           |s<12>          |   11.165|
b<8>           |s<13>          |   11.681|
b<8>           |s<14>          |   12.084|
b<8>           |s<15>          |   12.057|
b<8>           |s<16>          |   12.707|
b<8>           |s<17>          |   12.771|
b<8>           |s<18>          |   13.422|
b<8>           |s<19>          |   13.303|
b<8>           |s<20>          |   14.030|
b<8>           |s<21>          |   14.231|
b<8>           |s<22>          |   14.510|
b<8>           |s<23>          |   14.546|
b<8>           |s<24>          |   15.289|
b<8>           |s<25>          |   15.095|
b<8>           |s<26>          |   15.818|
b<8>           |s<27>          |   15.771|
b<8>           |s<28>          |   16.047|
b<8>           |s<29>          |   16.266|
b<8>           |s<30>          |   16.969|
b<8>           |s<31>          |   17.117|
b<9>           |co             |   18.245|
b<9>           |s<9>           |   10.978|
b<9>           |s<10>          |   10.833|
b<9>           |s<11>          |   10.707|
b<9>           |s<12>          |   10.729|
b<9>           |s<13>          |   11.245|
b<9>           |s<14>          |   11.648|
b<9>           |s<15>          |   11.621|
b<9>           |s<16>          |   12.271|
b<9>           |s<17>          |   12.335|
b<9>           |s<18>          |   12.986|
b<9>           |s<19>          |   12.867|
b<9>           |s<20>          |   13.594|
b<9>           |s<21>          |   13.795|
b<9>           |s<22>          |   14.074|
b<9>           |s<23>          |   14.110|
b<9>           |s<24>          |   14.853|
b<9>           |s<25>          |   14.659|
b<9>           |s<26>          |   15.382|
b<9>           |s<27>          |   15.335|
b<9>           |s<28>          |   15.611|
b<9>           |s<29>          |   15.830|
b<9>           |s<30>          |   16.533|
b<9>           |s<31>          |   16.681|
b<10>          |co             |   18.002|
b<10>          |s<10>          |   10.416|
b<10>          |s<11>          |   10.290|
b<10>          |s<12>          |   10.486|
b<10>          |s<13>          |   11.002|
b<10>          |s<14>          |   11.405|
b<10>          |s<15>          |   11.378|
b<10>          |s<16>          |   12.028|
b<10>          |s<17>          |   12.092|
b<10>          |s<18>          |   12.743|
b<10>          |s<19>          |   12.624|
b<10>          |s<20>          |   13.351|
b<10>          |s<21>          |   13.552|
b<10>          |s<22>          |   13.831|
b<10>          |s<23>          |   13.867|
b<10>          |s<24>          |   14.610|
b<10>          |s<25>          |   14.416|
b<10>          |s<26>          |   15.139|
b<10>          |s<27>          |   15.092|
b<10>          |s<28>          |   15.368|
b<10>          |s<29>          |   15.587|
b<10>          |s<30>          |   16.290|
b<10>          |s<31>          |   16.438|
b<11>          |co             |   17.579|
b<11>          |s<11>          |   10.203|
b<11>          |s<12>          |   10.063|
b<11>          |s<13>          |   10.579|
b<11>          |s<14>          |   10.982|
b<11>          |s<15>          |   10.955|
b<11>          |s<16>          |   11.605|
b<11>          |s<17>          |   11.669|
b<11>          |s<18>          |   12.320|
b<11>          |s<19>          |   12.201|
b<11>          |s<20>          |   12.928|
b<11>          |s<21>          |   13.129|
b<11>          |s<22>          |   13.408|
b<11>          |s<23>          |   13.444|
b<11>          |s<24>          |   14.187|
b<11>          |s<25>          |   13.993|
b<11>          |s<26>          |   14.716|
b<11>          |s<27>          |   14.669|
b<11>          |s<28>          |   14.945|
b<11>          |s<29>          |   15.164|
b<11>          |s<30>          |   15.867|
b<11>          |s<31>          |   16.015|
b<12>          |co             |   17.251|
b<12>          |s<12>          |   10.491|
b<12>          |s<13>          |   10.251|
b<12>          |s<14>          |   10.654|
b<12>          |s<15>          |   10.627|
b<12>          |s<16>          |   11.277|
b<12>          |s<17>          |   11.341|
b<12>          |s<18>          |   11.992|
b<12>          |s<19>          |   11.873|
b<12>          |s<20>          |   12.600|
b<12>          |s<21>          |   12.801|
b<12>          |s<22>          |   13.080|
b<12>          |s<23>          |   13.116|
b<12>          |s<24>          |   13.859|
b<12>          |s<25>          |   13.665|
b<12>          |s<26>          |   14.388|
b<12>          |s<27>          |   14.341|
b<12>          |s<28>          |   14.617|
b<12>          |s<29>          |   14.836|
b<12>          |s<30>          |   15.539|
b<12>          |s<31>          |   15.687|
b<13>          |co             |   17.231|
b<13>          |s<13>          |   10.231|
b<13>          |s<14>          |   10.634|
b<13>          |s<15>          |   10.607|
b<13>          |s<16>          |   11.257|
b<13>          |s<17>          |   11.321|
b<13>          |s<18>          |   11.972|
b<13>          |s<19>          |   11.853|
b<13>          |s<20>          |   12.580|
b<13>          |s<21>          |   12.781|
b<13>          |s<22>          |   13.060|
b<13>          |s<23>          |   13.096|
b<13>          |s<24>          |   13.839|
b<13>          |s<25>          |   13.645|
b<13>          |s<26>          |   14.368|
b<13>          |s<27>          |   14.321|
b<13>          |s<28>          |   14.597|
b<13>          |s<29>          |   14.816|
b<13>          |s<30>          |   15.519|
b<13>          |s<31>          |   15.667|
b<14>          |co             |   17.315|
b<14>          |s<14>          |   10.239|
b<14>          |s<15>          |   10.691|
b<14>          |s<16>          |   11.341|
b<14>          |s<17>          |   11.405|
b<14>          |s<18>          |   12.056|
b<14>          |s<19>          |   11.937|
b<14>          |s<20>          |   12.664|
b<14>          |s<21>          |   12.865|
b<14>          |s<22>          |   13.144|
b<14>          |s<23>          |   13.180|
b<14>          |s<24>          |   13.923|
b<14>          |s<25>          |   13.729|
b<14>          |s<26>          |   14.452|
b<14>          |s<27>          |   14.405|
b<14>          |s<28>          |   14.681|
b<14>          |s<29>          |   14.900|
b<14>          |s<30>          |   15.603|
b<14>          |s<31>          |   15.751|
b<15>          |co             |   16.687|
b<15>          |s<15>          |   10.063|
b<15>          |s<16>          |   10.713|
b<15>          |s<17>          |   10.777|
b<15>          |s<18>          |   11.428|
b<15>          |s<19>          |   11.309|
b<15>          |s<20>          |   12.036|
b<15>          |s<21>          |   12.237|
b<15>          |s<22>          |   12.516|
b<15>          |s<23>          |   12.552|
b<15>          |s<24>          |   13.295|
b<15>          |s<25>          |   13.101|
b<15>          |s<26>          |   13.824|
b<15>          |s<27>          |   13.777|
b<15>          |s<28>          |   14.053|
b<15>          |s<29>          |   14.272|
b<15>          |s<30>          |   14.975|
b<15>          |s<31>          |   15.123|
b<16>          |co             |   16.258|
b<16>          |s<16>          |   10.244|
b<16>          |s<17>          |   10.348|
b<16>          |s<18>          |   10.999|
b<16>          |s<19>          |   10.880|
b<16>          |s<20>          |   11.607|
b<16>          |s<21>          |   11.808|
b<16>          |s<22>          |   12.087|
b<16>          |s<23>          |   12.123|
b<16>          |s<24>          |   12.866|
b<16>          |s<25>          |   12.672|
b<16>          |s<26>          |   13.395|
b<16>          |s<27>          |   13.348|
b<16>          |s<28>          |   13.624|
b<16>          |s<29>          |   13.843|
b<16>          |s<30>          |   14.546|
b<16>          |s<31>          |   14.694|
b<17>          |co             |   16.359|
b<17>          |s<17>          |   10.449|
b<17>          |s<18>          |   11.100|
b<17>          |s<19>          |   10.981|
b<17>          |s<20>          |   11.708|
b<17>          |s<21>          |   11.909|
b<17>          |s<22>          |   12.188|
b<17>          |s<23>          |   12.224|
b<17>          |s<24>          |   12.967|
b<17>          |s<25>          |   12.773|
b<17>          |s<26>          |   13.496|
b<17>          |s<27>          |   13.449|
b<17>          |s<28>          |   13.725|
b<17>          |s<29>          |   13.944|
b<17>          |s<30>          |   14.647|
b<17>          |s<31>          |   14.795|
b<18>          |co             |   15.827|
b<18>          |s<18>          |   10.235|
b<18>          |s<19>          |   10.449|
b<18>          |s<20>          |   11.176|
b<18>          |s<21>          |   11.377|
b<18>          |s<22>          |   11.656|
b<18>          |s<23>          |   11.692|
b<18>          |s<24>          |   12.435|
b<18>          |s<25>          |   12.241|
b<18>          |s<26>          |   12.964|
b<18>          |s<27>          |   12.917|
b<18>          |s<28>          |   13.193|
b<18>          |s<29>          |   13.412|
b<18>          |s<30>          |   14.115|
b<18>          |s<31>          |   14.263|
b<19>          |co             |   15.248|
b<19>          |s<19>          |    9.870|
b<19>          |s<20>          |   10.597|
b<19>          |s<21>          |   10.798|
b<19>          |s<22>          |   11.077|
b<19>          |s<23>          |   11.113|
b<19>          |s<24>          |   11.856|
b<19>          |s<25>          |   11.662|
b<19>          |s<26>          |   12.385|
b<19>          |s<27>          |   12.338|
b<19>          |s<28>          |   12.614|
b<19>          |s<29>          |   12.833|
b<19>          |s<30>          |   13.536|
b<19>          |s<31>          |   13.684|
b<20>          |co             |   14.683|
b<20>          |s<20>          |   10.295|
b<20>          |s<21>          |   10.233|
b<20>          |s<22>          |   10.512|
b<20>          |s<23>          |   10.548|
b<20>          |s<24>          |   11.291|
b<20>          |s<25>          |   11.097|
b<20>          |s<26>          |   11.820|
b<20>          |s<27>          |   11.773|
b<20>          |s<28>          |   12.049|
b<20>          |s<29>          |   12.268|
b<20>          |s<30>          |   12.971|
b<20>          |s<31>          |   13.119|
b<21>          |co             |   14.672|
b<21>          |s<21>          |   10.222|
b<21>          |s<22>          |   10.501|
b<21>          |s<23>          |   10.537|
b<21>          |s<24>          |   11.280|
b<21>          |s<25>          |   11.086|
b<21>          |s<26>          |   11.809|
b<21>          |s<27>          |   11.762|
b<21>          |s<28>          |   12.038|
b<21>          |s<29>          |   12.257|
b<21>          |s<30>          |   12.960|
b<21>          |s<31>          |   13.108|
b<22>          |co             |   14.142|
b<22>          |s<22>          |   10.097|
b<22>          |s<23>          |   10.007|
b<22>          |s<24>          |   10.750|
b<22>          |s<25>          |   10.556|
b<22>          |s<26>          |   11.279|
b<22>          |s<27>          |   11.232|
b<22>          |s<28>          |   11.508|
b<22>          |s<29>          |   11.727|
b<22>          |s<30>          |   12.430|
b<22>          |s<31>          |   12.578|
b<23>          |co             |   14.253|
b<23>          |s<23>          |   10.118|
b<23>          |s<24>          |   10.861|
b<23>          |s<25>          |   10.667|
b<23>          |s<26>          |   11.390|
b<23>          |s<27>          |   11.343|
b<23>          |s<28>          |   11.619|
b<23>          |s<29>          |   11.838|
b<23>          |s<30>          |   12.541|
b<23>          |s<31>          |   12.689|
b<24>          |co             |   13.880|
b<24>          |s<24>          |    9.900|
b<24>          |s<25>          |   10.294|
b<24>          |s<26>          |   11.017|
b<24>          |s<27>          |   10.970|
b<24>          |s<28>          |   11.246|
b<24>          |s<29>          |   11.465|
b<24>          |s<30>          |   12.168|
b<24>          |s<31>          |   12.316|
b<25>          |co             |   14.579|
b<25>          |s<25>          |   10.993|
b<25>          |s<26>          |   11.716|
b<25>          |s<27>          |   11.669|
b<25>          |s<28>          |   11.945|
b<25>          |s<29>          |   12.164|
b<25>          |s<30>          |   12.867|
b<25>          |s<31>          |   13.015|
b<26>          |co             |   13.368|
b<26>          |s<26>          |   10.289|
b<26>          |s<27>          |   10.458|
b<26>          |s<28>          |   10.734|
b<26>          |s<29>          |   10.953|
b<26>          |s<30>          |   11.656|
b<26>          |s<31>          |   11.804|
b<27>          |co             |   13.167|
b<27>          |s<27>          |   10.257|
b<27>          |s<28>          |   10.533|
b<27>          |s<29>          |   10.752|
b<27>          |s<30>          |   11.455|
b<27>          |s<31>          |   11.603|
b<28>          |co             |   12.567|
b<28>          |s<28>          |   10.137|
b<28>          |s<29>          |   10.152|
b<28>          |s<30>          |   10.855|
b<28>          |s<31>          |   11.003|
b<29>          |co             |   12.832|
b<29>          |s<29>          |   10.417|
b<29>          |s<30>          |   11.120|
b<29>          |s<31>          |   11.268|
b<30>          |co             |   11.579|
b<30>          |s<30>          |   10.224|
b<30>          |s<31>          |   10.015|
b<31>          |co             |   11.725|
b<31>          |s<31>          |   10.161|
c_in           |co             |   20.782|
c_in           |s<0>           |   11.894|
c_in           |s<1>           |   12.150|
c_in           |s<2>           |   12.605|
c_in           |s<3>           |   12.640|
c_in           |s<4>           |   12.121|
c_in           |s<5>           |   12.133|
c_in           |s<6>           |   12.601|
c_in           |s<7>           |   12.670|
c_in           |s<8>           |   12.745|
c_in           |s<9>           |   13.566|
c_in           |s<10>          |   13.421|
c_in           |s<11>          |   13.295|
c_in           |s<12>          |   13.266|
c_in           |s<13>          |   13.782|
c_in           |s<14>          |   14.185|
c_in           |s<15>          |   14.158|
c_in           |s<16>          |   14.808|
c_in           |s<17>          |   14.872|
c_in           |s<18>          |   15.523|
c_in           |s<19>          |   15.404|
c_in           |s<20>          |   16.131|
c_in           |s<21>          |   16.332|
c_in           |s<22>          |   16.611|
c_in           |s<23>          |   16.647|
c_in           |s<24>          |   17.390|
c_in           |s<25>          |   17.196|
c_in           |s<26>          |   17.919|
c_in           |s<27>          |   17.872|
c_in           |s<28>          |   18.148|
c_in           |s<29>          |   18.367|
c_in           |s<30>          |   19.070|
c_in           |s<31>          |   19.218|
---------------+---------------+---------+


Analysis completed Mon Nov 04 23:45:53 2013 
--------------------------------------------------------------------------------

Trace Settings:
-------------------------
Trace Settings 

Peak Memory Usage: 208 MB



