--------------------------------------------------------------------------------
Release 13.2 Trace  (nt64)
Copyright (c) 1995-2011 Xilinx, Inc.  All rights reserved.

D:\Xilinx\ISE_DS\ISE\bin\nt64\unwrapped\trce.exe -intstyle ise -v 3 -s 3 -n 3
-fastpaths -xml decoder.twx decoder.ncd -o decoder.twr decoder.pcf -ucf
ex2_ucf.ucf

Design file:              decoder.ncd
Physical constraint file: decoder.pcf
Device,package,speed:     xc6slx16,csg324,C,-3 (PRODUCTION 1.19 2011-06-20)
Report level:             verbose report

Environment Variable      Effect 
--------------------      ------ 
NONE                      No environment variables were set
--------------------------------------------------------------------------------

INFO:Timing:2698 - No timing constraints found, doing default enumeration.
INFO:Timing:2752 - To get complete path coverage, use the unconstrained paths 
   option. All paths that are not constrained will be reported in the 
   unconstrained paths section(s) of the report.
INFO:Timing:3339 - The clock-to-out numbers in this timing report are based on 
   a 50 Ohm transmission line loading model.  For the details of this model, 
   and for more information on accounting for different loading conditions, 
   please see the device datasheet.



Data Sheet report:
-----------------
All values displayed in nanoseconds (ns)

Pad to Pad
---------------+---------------+---------+
Source Pad     |Destination Pad|  Delay  |
---------------+---------------+---------+
data_in<0>     |data_out<0>    |    7.901|
data_in<0>     |data_out<1>    |    7.779|
data_in<0>     |data_out<2>    |    8.363|
data_in<0>     |data_out<3>    |    8.143|
data_in<0>     |data_out<4>    |    7.379|
data_in<0>     |data_out<5>    |    7.144|
data_in<0>     |data_out<6>    |    7.352|
data_in<0>     |data_out<7>    |    7.434|
data_in<1>     |data_out<0>    |    8.103|
data_in<1>     |data_out<1>    |    7.981|
data_in<1>     |data_out<2>    |    8.199|
data_in<1>     |data_out<3>    |    7.979|
data_in<1>     |data_out<4>    |    7.547|
data_in<1>     |data_out<5>    |    7.312|
data_in<1>     |data_out<6>    |    7.149|
data_in<1>     |data_out<7>    |    7.231|
data_in<2>     |data_out<0>    |    8.198|
data_in<2>     |data_out<1>    |    8.076|
data_in<2>     |data_out<2>    |    8.235|
data_in<2>     |data_out<3>    |    8.015|
data_in<2>     |data_out<4>    |    7.429|
data_in<2>     |data_out<5>    |    7.194|
data_in<2>     |data_out<6>    |    7.467|
data_in<2>     |data_out<7>    |    7.549|
ena            |data_out<0>    |   10.936|
ena            |data_out<1>    |   10.814|
ena            |data_out<2>    |   10.730|
ena            |data_out<3>    |   10.510|
ena            |data_out<4>    |   10.850|
ena            |data_out<5>    |   10.615|
ena            |data_out<6>    |   10.637|
ena            |data_out<7>    |   10.719|
---------------+---------------+---------+


Analysis completed Mon Nov 04 20:18:02 2013 
--------------------------------------------------------------------------------

Trace Settings:
-------------------------
Trace Settings 

Peak Memory Usage: 208 MB



