--------------------------------------------------------------------------------
Release 13.2 Trace  (nt64)
Copyright (c) 1995-2011 Xilinx, Inc.  All rights reserved.

D:\Xilinx\ISE_DS\ISE\bin\nt64\unwrapped\trce.exe -intstyle ise -v 3 -s 3 -n 3
-fastpaths -xml extend.twx extend.ncd -o extend.twr extend.pcf

Design file:              extend.ncd
Physical constraint file: extend.pcf
Device,package,speed:     xc6slx16,csg324,C,-3 (PRODUCTION 1.19 2011-06-20)
Report level:             verbose report

Environment Variable      Effect 
--------------------      ------ 
NONE                      No environment variables were set
--------------------------------------------------------------------------------

INFO:Timing:2698 - No timing constraints found, doing default enumeration.
INFO:Timing:2752 - To get complete path coverage, use the unconstrained paths 
   option. All paths that are not constrained will be reported in the 
   unconstrained paths section(s) of the report.
INFO:Timing:3339 - The clock-to-out numbers in this timing report are based on 
   a 50 Ohm transmission line loading model.  For the details of this model, 
   and for more information on accounting for different loading conditions, 
   please see the device datasheet.



Data Sheet report:
-----------------
All values displayed in nanoseconds (ns)

Pad to Pad
---------------+---------------+---------+
Source Pad     |Destination Pad|  Delay  |
---------------+---------------+---------+
a<0>           |b<0>           |    6.032|
a<1>           |b<1>           |    6.325|
a<2>           |b<2>           |    6.428|
a<3>           |b<3>           |    6.744|
a<4>           |b<4>           |    6.277|
a<5>           |b<5>           |    6.769|
a<6>           |b<6>           |    6.099|
a<7>           |b<7>           |    6.563|
a<8>           |b<8>           |    6.508|
a<9>           |b<9>           |    6.787|
a<10>          |b<10>          |    6.268|
a<11>          |b<11>          |    6.678|
a<12>          |b<12>          |    6.603|
a<13>          |b<13>          |    6.914|
a<14>          |b<14>          |    6.764|
a<15>          |b<15>          |    6.991|
a<15>          |b<16>          |   10.683|
a<15>          |b<17>          |    9.381|
a<15>          |b<18>          |    9.954|
a<15>          |b<19>          |    9.676|
a<15>          |b<20>          |    9.586|
a<15>          |b<21>          |    9.655|
a<15>          |b<22>          |    8.754|
a<15>          |b<23>          |    9.343|
a<15>          |b<24>          |   10.718|
a<15>          |b<25>          |    8.507|
a<15>          |b<26>          |    8.525|
a<15>          |b<27>          |    8.282|
a<15>          |b<28>          |   10.444|
a<15>          |b<29>          |   10.664|
a<15>          |b<30>          |    7.812|
a<15>          |b<31>          |    7.486|
sext           |b<16>          |    9.738|
sext           |b<17>          |    8.436|
sext           |b<18>          |    9.009|
sext           |b<19>          |    8.731|
sext           |b<20>          |    8.641|
sext           |b<21>          |    8.710|
sext           |b<22>          |    7.809|
sext           |b<23>          |    8.398|
sext           |b<24>          |    9.773|
sext           |b<25>          |    7.562|
sext           |b<26>          |    7.580|
sext           |b<27>          |    7.337|
sext           |b<28>          |    9.499|
sext           |b<29>          |    9.719|
sext           |b<30>          |    6.867|
sext           |b<31>          |    6.541|
---------------+---------------+---------+


Analysis completed Sun Oct 20 17:26:40 2013 
--------------------------------------------------------------------------------

Trace Settings:
-------------------------
Trace Settings 

Peak Memory Usage: 208 MB



