--------------------------------------------------------------------------------
Release 13.2 Trace  (nt64)
Copyright (c) 1995-2011 Xilinx, Inc.  All rights reserved.

D:\Xilinx\ISE_DS\ISE\bin\nt64\unwrapped\trce.exe -intstyle ise -v 3 -s 3 -n 3
-fastpaths -xml barrelshifter.twx barrelshifter.ncd -o barrelshifter.twr
barrelshifter.pcf

Design file:              barrelshifter.ncd
Physical constraint file: barrelshifter.pcf
Device,package,speed:     xc6slx16,csg324,C,-3 (PRODUCTION 1.19 2011-06-20)
Report level:             verbose report

Environment Variable      Effect 
--------------------      ------ 
NONE                      No environment variables were set
--------------------------------------------------------------------------------

INFO:Timing:2698 - No timing constraints found, doing default enumeration.
INFO:Timing:2752 - To get complete path coverage, use the unconstrained paths 
   option. All paths that are not constrained will be reported in the 
   unconstrained paths section(s) of the report.
INFO:Timing:3339 - The clock-to-out numbers in this timing report are based on 
   a 50 Ohm transmission line loading model.  For the details of this model, 
   and for more information on accounting for different loading conditions, 
   please see the device datasheet.



Data Sheet report:
-----------------
All values displayed in nanoseconds (ns)

Pad to Pad
---------------+---------------+---------+
Source Pad     |Destination Pad|  Delay  |
---------------+---------------+---------+
a<0>           |c<0>           |   13.053|
a<0>           |c<1>           |   13.089|
a<0>           |c<2>           |   12.385|
a<0>           |c<3>           |   11.967|
a<0>           |c<4>           |   12.711|
a<0>           |c<5>           |   13.472|
a<0>           |c<6>           |   13.093|
a<0>           |c<7>           |   13.614|
a<0>           |c<8>           |   12.966|
a<0>           |c<9>           |   13.415|
a<0>           |c<10>          |   13.096|
a<0>           |c<11>          |   12.821|
a<0>           |c<12>          |   12.653|
a<0>           |c<13>          |   13.149|
a<0>           |c<14>          |   12.912|
a<0>           |c<15>          |   14.199|
a<0>           |c<16>          |   12.571|
a<0>           |c<17>          |   14.195|
a<0>           |c<18>          |   12.516|
a<0>           |c<19>          |   13.605|
a<0>           |c<20>          |   12.918|
a<0>           |c<21>          |   14.009|
a<0>           |c<22>          |   14.322|
a<0>           |c<23>          |   14.329|
a<0>           |c<24>          |   13.312|
a<0>           |c<25>          |   13.614|
a<0>           |c<26>          |   14.253|
a<0>           |c<27>          |   13.452|
a<0>           |c<28>          |   12.694|
a<0>           |c<29>          |   13.925|
a<0>           |c<30>          |   13.620|
a<0>           |c<31>          |   13.705|
a<1>           |c<0>           |   12.683|
a<1>           |c<1>           |   13.569|
a<1>           |c<2>           |   12.529|
a<1>           |c<3>           |   11.304|
a<1>           |c<4>           |   13.098|
a<1>           |c<5>           |   12.955|
a<1>           |c<6>           |   13.168|
a<1>           |c<7>           |   12.951|
a<1>           |c<8>           |   12.764|
a<1>           |c<9>           |   12.914|
a<1>           |c<10>          |   12.595|
a<1>           |c<11>          |   12.158|
a<1>           |c<12>          |   13.050|
a<1>           |c<13>          |   12.632|
a<1>           |c<14>          |   12.987|
a<1>           |c<15>          |   13.536|
a<1>           |c<16>          |   13.022|
a<1>           |c<17>          |   13.694|
a<1>           |c<18>          |   12.660|
a<1>           |c<19>          |   12.942|
a<1>           |c<20>          |   13.305|
a<1>           |c<21>          |   13.492|
a<1>           |c<22>          |   14.397|
a<1>           |c<23>          |   13.666|
a<1>           |c<24>          |   13.110|
a<1>           |c<25>          |   13.113|
a<1>           |c<26>          |   13.752|
a<1>           |c<27>          |   12.789|
a<1>           |c<28>          |   13.091|
a<1>           |c<29>          |   13.408|
a<1>           |c<30>          |   13.695|
a<1>           |c<31>          |   13.042|
a<2>           |c<0>           |   12.377|
a<2>           |c<1>           |   13.965|
a<2>           |c<2>           |   12.925|
a<2>           |c<3>           |   11.436|
a<2>           |c<4>           |   13.233|
a<2>           |c<5>           |   13.125|
a<2>           |c<6>           |   13.564|
a<2>           |c<7>           |   13.083|
a<2>           |c<8>           |   12.899|
a<2>           |c<9>           |   12.938|
a<2>           |c<10>          |   12.871|
a<2>           |c<11>          |   12.290|
a<2>           |c<12>          |   13.185|
a<2>           |c<13>          |   12.802|
a<2>           |c<14>          |   13.383|
a<2>           |c<15>          |   13.668|
a<2>           |c<16>          |   13.157|
a<2>           |c<17>          |   12.793|
a<2>           |c<18>          |   13.056|
a<2>           |c<19>          |   13.074|
a<2>           |c<20>          |   13.440|
a<2>           |c<21>          |   13.662|
a<2>           |c<22>          |   14.793|
a<2>           |c<23>          |   13.798|
a<2>           |c<24>          |   13.245|
a<2>           |c<25>          |   13.137|
a<2>           |c<26>          |   14.028|
a<2>           |c<27>          |   12.921|
a<2>           |c<28>          |   13.226|
a<2>           |c<29>          |   13.578|
a<2>           |c<30>          |   14.091|
a<2>           |c<31>          |   13.174|
a<3>           |c<0>           |   12.357|
a<3>           |c<1>           |   13.916|
a<3>           |c<2>           |   12.392|
a<3>           |c<3>           |   12.142|
a<3>           |c<4>           |   13.425|
a<3>           |c<5>           |   13.116|
a<3>           |c<6>           |   13.109|
a<3>           |c<7>           |   13.056|
a<3>           |c<8>           |   13.091|
a<3>           |c<9>           |   12.929|
a<3>           |c<10>          |   12.252|
a<3>           |c<11>          |   12.263|
a<3>           |c<12>          |   13.377|
a<3>           |c<13>          |   12.793|
a<3>           |c<14>          |   12.928|
a<3>           |c<15>          |   13.641|
a<3>           |c<16>          |   13.349|
a<3>           |c<17>          |   12.784|
a<3>           |c<18>          |   12.958|
a<3>           |c<19>          |   13.047|
a<3>           |c<20>          |   13.632|
a<3>           |c<21>          |   13.653|
a<3>           |c<22>          |   14.338|
a<3>           |c<23>          |   13.771|
a<3>           |c<24>          |   13.437|
a<3>           |c<25>          |   13.128|
a<3>           |c<26>          |   13.409|
a<3>           |c<27>          |   12.894|
a<3>           |c<28>          |   13.418|
a<3>           |c<29>          |   13.569|
a<3>           |c<30>          |   13.636|
a<3>           |c<31>          |   13.147|
a<4>           |c<0>           |   12.639|
a<4>           |c<1>           |   13.866|
a<4>           |c<2>           |   12.647|
a<4>           |c<3>           |   12.092|
a<4>           |c<4>           |   13.388|
a<4>           |c<5>           |   13.180|
a<4>           |c<6>           |   13.300|
a<4>           |c<7>           |   12.868|
a<4>           |c<8>           |   13.054|
a<4>           |c<9>           |   12.993|
a<4>           |c<10>          |   12.443|
a<4>           |c<11>          |   12.572|
a<4>           |c<12>          |   13.340|
a<4>           |c<13>          |   12.857|
a<4>           |c<14>          |   13.119|
a<4>           |c<15>          |   13.453|
a<4>           |c<16>          |   13.312|
a<4>           |c<17>          |   12.848|
a<4>           |c<18>          |   13.149|
a<4>           |c<19>          |   12.839|
a<4>           |c<20>          |   13.595|
a<4>           |c<21>          |   13.717|
a<4>           |c<22>          |   14.529|
a<4>           |c<23>          |   14.080|
a<4>           |c<24>          |   13.400|
a<4>           |c<25>          |   13.192|
a<4>           |c<26>          |   13.600|
a<4>           |c<27>          |   13.203|
a<4>           |c<28>          |   13.381|
a<4>           |c<29>          |   13.633|
a<4>           |c<30>          |   13.827|
a<4>           |c<31>          |   12.959|
a<5>           |c<0>           |   13.011|
a<5>           |c<1>           |   13.049|
a<5>           |c<2>           |   13.019|
a<5>           |c<3>           |   12.279|
a<5>           |c<4>           |   13.101|
a<5>           |c<5>           |   13.108|
a<5>           |c<6>           |   13.514|
a<5>           |c<7>           |   12.712|
a<5>           |c<8>           |   12.416|
a<5>           |c<9>           |   12.921|
a<5>           |c<10>          |   12.657|
a<5>           |c<11>          |   12.416|
a<5>           |c<12>          |   13.012|
a<5>           |c<13>          |   12.785|
a<5>           |c<14>          |   13.333|
a<5>           |c<15>          |   13.297|
a<5>           |c<16>          |   12.406|
a<5>           |c<17>          |   12.776|
a<5>           |c<18>          |   13.363|
a<5>           |c<19>          |   12.683|
a<5>           |c<20>          |   14.148|
a<5>           |c<21>          |   13.645|
a<5>           |c<22>          |   14.743|
a<5>           |c<23>          |   13.924|
a<5>           |c<24>          |   12.762|
a<5>           |c<25>          |   13.120|
a<5>           |c<26>          |   13.814|
a<5>           |c<27>          |   13.047|
a<5>           |c<28>          |   12.651|
a<5>           |c<29>          |   13.561|
a<5>           |c<30>          |   14.041|
a<5>           |c<31>          |   12.803|
a<6>           |c<0>           |   13.351|
a<6>           |c<1>           |   13.998|
a<6>           |c<2>           |   12.788|
a<6>           |c<3>           |   12.750|
a<6>           |c<4>           |   13.525|
a<6>           |c<5>           |   13.810|
a<6>           |c<6>           |   13.395|
a<6>           |c<7>           |   13.101|
a<6>           |c<8>           |   12.617|
a<6>           |c<9>           |   12.742|
a<6>           |c<10>          |   12.538|
a<6>           |c<11>          |   12.805|
a<6>           |c<12>          |   13.213|
a<6>           |c<13>          |   13.227|
a<6>           |c<14>          |   13.214|
a<6>           |c<15>          |   13.686|
a<6>           |c<16>          |   12.607|
a<6>           |c<17>          |   12.564|
a<6>           |c<18>          |   13.244|
a<6>           |c<19>          |   13.072|
a<6>           |c<20>          |   14.349|
a<6>           |c<21>          |   13.203|
a<6>           |c<22>          |   14.624|
a<6>           |c<23>          |   14.313|
a<6>           |c<24>          |   12.963|
a<6>           |c<25>          |   12.941|
a<6>           |c<26>          |   13.695|
a<6>           |c<27>          |   13.436|
a<6>           |c<28>          |   12.852|
a<6>           |c<29>          |   12.678|
a<6>           |c<30>          |   13.922|
a<6>           |c<31>          |   13.192|
a<7>           |c<0>           |   13.083|
a<7>           |c<1>           |   13.525|
a<7>           |c<2>           |   12.248|
a<7>           |c<3>           |   12.548|
a<7>           |c<4>           |   13.257|
a<7>           |c<5>           |   13.337|
a<7>           |c<6>           |   12.786|
a<7>           |c<7>           |   13.487|
a<7>           |c<8>           |   12.558|
a<7>           |c<9>           |   13.381|
a<7>           |c<10>          |   12.827|
a<7>           |c<11>          |   12.678|
a<7>           |c<12>          |   13.154|
a<7>           |c<13>          |   13.866|
a<7>           |c<14>          |   13.670|
a<7>           |c<15>          |   13.559|
a<7>           |c<16>          |   12.548|
a<7>           |c<17>          |   13.203|
a<7>           |c<18>          |   13.334|
a<7>           |c<19>          |   12.945|
a<7>           |c<20>          |   14.290|
a<7>           |c<21>          |   13.842|
a<7>           |c<22>          |   13.785|
a<7>           |c<23>          |   14.186|
a<7>           |c<24>          |   12.904|
a<7>           |c<25>          |   13.580|
a<7>           |c<26>          |   13.984|
a<7>           |c<27>          |   13.309|
a<7>           |c<28>          |   12.793|
a<7>           |c<29>          |   13.317|
a<7>           |c<30>          |   13.113|
a<7>           |c<31>          |   13.065|
a<8>           |c<0>           |   12.133|
a<8>           |c<1>           |   13.220|
a<8>           |c<2>           |   12.260|
a<8>           |c<3>           |   12.559|
a<8>           |c<4>           |   12.814|
a<8>           |c<5>           |   13.032|
a<8>           |c<6>           |   12.798|
a<8>           |c<7>           |   13.498|
a<8>           |c<8>           |   12.759|
a<8>           |c<9>           |   13.140|
a<8>           |c<10>          |   12.641|
a<8>           |c<11>          |   12.542|
a<8>           |c<12>          |   12.966|
a<8>           |c<13>          |   13.625|
a<8>           |c<14>          |   13.484|
a<8>           |c<15>          |   13.147|
a<8>           |c<16>          |   12.360|
a<8>           |c<17>          |   12.962|
a<8>           |c<18>          |   13.148|
a<8>           |c<19>          |   12.976|
a<8>           |c<20>          |   14.102|
a<8>           |c<21>          |   13.601|
a<8>           |c<22>          |   13.599|
a<8>           |c<23>          |   13.774|
a<8>           |c<24>          |   12.716|
a<8>           |c<25>          |   13.339|
a<8>           |c<26>          |   13.798|
a<8>           |c<27>          |   13.173|
a<8>           |c<28>          |   12.605|
a<8>           |c<29>          |   13.076|
a<8>           |c<30>          |   12.927|
a<8>           |c<31>          |   12.768|
a<9>           |c<0>           |   12.162|
a<9>           |c<1>           |   14.173|
a<9>           |c<2>           |   12.304|
a<9>           |c<3>           |   13.384|
a<9>           |c<4>           |   12.843|
a<9>           |c<5>           |   13.532|
a<9>           |c<6>           |   12.842|
a<9>           |c<7>           |   14.323|
a<9>           |c<8>           |   12.788|
a<9>           |c<9>           |   13.935|
a<9>           |c<10>          |   12.700|
a<9>           |c<11>          |   12.586|
a<9>           |c<12>          |   13.555|
a<9>           |c<13>          |   13.467|
a<9>           |c<14>          |   13.543|
a<9>           |c<15>          |   13.191|
a<9>           |c<16>          |   13.068|
a<9>           |c<17>          |   12.804|
a<9>           |c<18>          |   13.207|
a<9>           |c<19>          |   13.020|
a<9>           |c<20>          |   14.691|
a<9>           |c<21>          |   13.443|
a<9>           |c<22>          |   13.658|
a<9>           |c<23>          |   13.818|
a<9>           |c<24>          |   14.011|
a<9>           |c<25>          |   13.181|
a<9>           |c<26>          |   13.857|
a<9>           |c<27>          |   13.217|
a<9>           |c<28>          |   13.194|
a<9>           |c<29>          |   12.918|
a<9>           |c<30>          |   12.986|
a<9>           |c<31>          |   12.812|
a<10>          |c<0>           |   11.835|
a<10>          |c<1>           |   13.232|
a<10>          |c<2>           |   12.673|
a<10>          |c<3>           |   12.443|
a<10>          |c<4>           |   12.516|
a<10>          |c<5>           |   12.591|
a<10>          |c<6>           |   13.088|
a<10>          |c<7>           |   13.382|
a<10>          |c<8>           |   12.461|
a<10>          |c<9>           |   12.994|
a<10>          |c<10>          |   13.402|
a<10>          |c<11>          |   12.396|
a<10>          |c<12>          |   12.461|
a<10>          |c<13>          |   12.958|
a<10>          |c<14>          |   13.241|
a<10>          |c<15>          |   13.001|
a<10>          |c<16>          |   11.974|
a<10>          |c<17>          |   12.998|
a<10>          |c<18>          |   12.905|
a<10>          |c<19>          |   12.830|
a<10>          |c<20>          |   13.597|
a<10>          |c<21>          |   12.934|
a<10>          |c<22>          |   13.356|
a<10>          |c<23>          |   13.628|
a<10>          |c<24>          |   12.917|
a<10>          |c<25>          |   13.157|
a<10>          |c<26>          |   13.555|
a<10>          |c<27>          |   13.027|
a<10>          |c<28>          |   12.100|
a<10>          |c<29>          |   12.277|
a<10>          |c<30>          |   12.684|
a<10>          |c<31>          |   12.622|
a<11>          |c<0>           |   11.200|
a<11>          |c<1>           |   12.721|
a<11>          |c<2>           |   11.907|
a<11>          |c<3>           |   12.905|
a<11>          |c<4>           |   11.881|
a<11>          |c<5>           |   13.214|
a<11>          |c<6>           |   12.322|
a<11>          |c<7>           |   13.170|
a<11>          |c<8>           |   11.826|
a<11>          |c<9>           |   12.483|
a<11>          |c<10>          |   12.636|
a<11>          |c<11>          |   12.833|
a<11>          |c<12>          |   12.566|
a<11>          |c<13>          |   12.851|
a<11>          |c<14>          |   12.361|
a<11>          |c<15>          |   12.904|
a<11>          |c<16>          |   12.079|
a<11>          |c<17>          |   12.891|
a<11>          |c<18>          |   12.500|
a<11>          |c<19>          |   12.733|
a<11>          |c<20>          |   13.702|
a<11>          |c<21>          |   12.827|
a<11>          |c<22>          |   13.104|
a<11>          |c<23>          |   13.531|
a<11>          |c<24>          |   13.022|
a<11>          |c<25>          |   13.050|
a<11>          |c<26>          |   13.398|
a<11>          |c<27>          |   12.930|
a<11>          |c<28>          |   12.205|
a<11>          |c<29>          |   12.170|
a<11>          |c<30>          |   11.804|
a<11>          |c<31>          |   12.525|
a<12>          |c<0>           |   11.853|
a<12>          |c<1>           |   13.112|
a<12>          |c<2>           |   12.260|
a<12>          |c<3>           |   13.296|
a<12>          |c<4>           |   13.059|
a<12>          |c<5>           |   13.605|
a<12>          |c<6>           |   12.675|
a<12>          |c<7>           |   13.561|
a<12>          |c<8>           |   12.905|
a<12>          |c<9>           |   12.874|
a<12>          |c<10>          |   12.989|
a<12>          |c<11>          |   13.224|
a<12>          |c<12>          |   13.002|
a<12>          |c<13>          |   13.443|
a<12>          |c<14>          |   13.147|
a<12>          |c<15>          |   13.933|
a<12>          |c<16>          |   12.515|
a<12>          |c<17>          |   13.483|
a<12>          |c<18>          |   13.286|
a<12>          |c<19>          |   14.349|
a<12>          |c<20>          |   14.138|
a<12>          |c<21>          |   13.419|
a<12>          |c<22>          |   13.890|
a<12>          |c<23>          |   14.560|
a<12>          |c<24>          |   13.458|
a<12>          |c<25>          |   13.642|
a<12>          |c<26>          |   14.184|
a<12>          |c<27>          |   14.259|
a<12>          |c<28>          |   12.641|
a<12>          |c<29>          |   12.762|
a<12>          |c<30>          |   12.590|
a<12>          |c<31>          |   13.554|
a<13>          |c<0>           |   11.541|
a<13>          |c<1>           |   13.348|
a<13>          |c<2>           |   12.257|
a<13>          |c<3>           |   13.702|
a<13>          |c<4>           |   12.747|
a<13>          |c<5>           |   13.723|
a<13>          |c<6>           |   12.672|
a<13>          |c<7>           |   13.178|
a<13>          |c<8>           |   12.593|
a<13>          |c<9>           |   13.110|
a<13>          |c<10>          |   12.986|
a<13>          |c<11>          |   13.630|
a<13>          |c<12>          |   12.619|
a<13>          |c<13>          |   13.279|
a<13>          |c<14>          |   12.519|
a<13>          |c<15>          |   13.864|
a<13>          |c<16>          |   12.043|
a<13>          |c<17>          |   13.308|
a<13>          |c<18>          |   12.658|
a<13>          |c<19>          |   14.280|
a<13>          |c<20>          |   12.673|
a<13>          |c<21>          |   13.244|
a<13>          |c<22>          |   13.262|
a<13>          |c<23>          |   14.491|
a<13>          |c<24>          |   12.920|
a<13>          |c<25>          |   13.467|
a<13>          |c<26>          |   13.556|
a<13>          |c<27>          |   14.190|
a<13>          |c<28>          |   11.984|
a<13>          |c<29>          |   12.587|
a<13>          |c<30>          |   11.962|
a<13>          |c<31>          |   13.485|
a<14>          |c<0>           |   11.548|
a<14>          |c<1>           |   12.899|
a<14>          |c<2>           |   12.219|
a<14>          |c<3>           |   13.253|
a<14>          |c<4>           |   12.754|
a<14>          |c<5>           |   13.274|
a<14>          |c<6>           |   12.837|
a<14>          |c<7>           |   12.729|
a<14>          |c<8>           |   12.600|
a<14>          |c<9>           |   12.661|
a<14>          |c<10>          |   12.948|
a<14>          |c<11>          |   13.181|
a<14>          |c<12>          |   12.626|
a<14>          |c<13>          |   12.830|
a<14>          |c<14>          |   13.122|
a<14>          |c<15>          |   13.602|
a<14>          |c<16>          |   11.992|
a<14>          |c<17>          |   13.535|
a<14>          |c<18>          |   12.950|
a<14>          |c<19>          |   14.018|
a<14>          |c<20>          |   12.622|
a<14>          |c<21>          |   12.334|
a<14>          |c<22>          |   13.554|
a<14>          |c<23>          |   14.229|
a<14>          |c<24>          |   12.869|
a<14>          |c<25>          |   13.694|
a<14>          |c<26>          |   13.848|
a<14>          |c<27>          |   13.928|
a<14>          |c<28>          |   11.933|
a<14>          |c<29>          |   12.009|
a<14>          |c<30>          |   12.254|
a<14>          |c<31>          |   13.223|
a<15>          |c<0>           |   12.052|
a<15>          |c<1>           |   13.511|
a<15>          |c<2>           |   12.584|
a<15>          |c<3>           |   13.276|
a<15>          |c<4>           |   13.258|
a<15>          |c<5>           |   13.291|
a<15>          |c<6>           |   13.202|
a<15>          |c<7>           |   12.915|
a<15>          |c<8>           |   13.104|
a<15>          |c<9>           |   13.273|
a<15>          |c<10>          |   13.313|
a<15>          |c<11>          |   13.204|
a<15>          |c<12>          |   13.130|
a<15>          |c<13>          |   12.938|
a<15>          |c<14>          |   13.487|
a<15>          |c<15>          |   14.028|
a<15>          |c<16>          |   12.569|
a<15>          |c<17>          |   14.132|
a<15>          |c<18>          |   13.403|
a<15>          |c<19>          |   14.444|
a<15>          |c<20>          |   13.199|
a<15>          |c<21>          |   12.931|
a<15>          |c<22>          |   13.816|
a<15>          |c<23>          |   14.655|
a<15>          |c<24>          |   13.446|
a<15>          |c<25>          |   14.291|
a<15>          |c<26>          |   14.301|
a<15>          |c<27>          |   14.354|
a<15>          |c<28>          |   12.510|
a<15>          |c<29>          |   12.606|
a<15>          |c<30>          |   13.005|
a<15>          |c<31>          |   13.649|
a<16>          |c<0>           |   11.795|
a<16>          |c<1>           |   12.920|
a<16>          |c<2>           |   12.326|
a<16>          |c<3>           |   13.277|
a<16>          |c<4>           |   12.697|
a<16>          |c<5>           |   12.700|
a<16>          |c<6>           |   12.944|
a<16>          |c<7>           |   12.916|
a<16>          |c<8>           |   12.672|
a<16>          |c<9>           |   12.682|
a<16>          |c<10>          |   13.055|
a<16>          |c<11>          |   13.205|
a<16>          |c<12>          |   12.406|
a<16>          |c<13>          |   12.347|
a<16>          |c<14>          |   13.229|
a<16>          |c<15>          |   13.087|
a<16>          |c<16>          |   12.776|
a<16>          |c<17>          |   13.609|
a<16>          |c<18>          |   13.238|
a<16>          |c<19>          |   13.684|
a<16>          |c<20>          |   12.825|
a<16>          |c<21>          |   12.408|
a<16>          |c<22>          |   13.651|
a<16>          |c<23>          |   12.588|
a<16>          |c<24>          |   13.072|
a<16>          |c<25>          |   13.768|
a<16>          |c<26>          |   14.136|
a<16>          |c<27>          |   13.594|
a<16>          |c<28>          |   12.136|
a<16>          |c<29>          |   12.083|
a<16>          |c<30>          |   12.840|
a<16>          |c<31>          |   12.387|
a<17>          |c<0>           |   12.087|
a<17>          |c<1>           |   13.166|
a<17>          |c<2>           |   12.618|
a<17>          |c<3>           |   12.772|
a<17>          |c<4>           |   12.989|
a<17>          |c<5>           |   12.313|
a<17>          |c<6>           |   13.236|
a<17>          |c<7>           |   12.411|
a<17>          |c<8>           |   12.964|
a<17>          |c<9>           |   12.611|
a<17>          |c<10>          |   13.347|
a<17>          |c<11>          |   12.700|
a<17>          |c<12>          |   12.698|
a<17>          |c<13>          |   12.053|
a<17>          |c<14>          |   13.521|
a<17>          |c<15>          |   12.582|
a<17>          |c<16>          |   13.068|
a<17>          |c<17>          |   13.782|
a<17>          |c<18>          |   12.770|
a<17>          |c<19>          |   13.334|
a<17>          |c<20>          |   12.401|
a<17>          |c<21>          |   12.383|
a<17>          |c<22>          |   13.183|
a<17>          |c<23>          |   12.238|
a<17>          |c<24>          |   12.749|
a<17>          |c<25>          |   13.743|
a<17>          |c<26>          |   13.668|
a<17>          |c<27>          |   13.244|
a<17>          |c<28>          |   11.925|
a<17>          |c<29>          |   12.058|
a<17>          |c<30>          |   12.372|
a<17>          |c<31>          |   12.037|
a<18>          |c<0>           |   11.531|
a<18>          |c<1>           |   13.395|
a<18>          |c<2>           |   12.547|
a<18>          |c<3>           |   12.861|
a<18>          |c<4>           |   12.432|
a<18>          |c<5>           |   12.542|
a<18>          |c<6>           |   13.037|
a<18>          |c<7>           |   12.500|
a<18>          |c<8>           |   12.408|
a<18>          |c<9>           |   12.840|
a<18>          |c<10>          |   12.481|
a<18>          |c<11>          |   12.789|
a<18>          |c<12>          |   12.171|
a<18>          |c<13>          |   12.282|
a<18>          |c<14>          |   13.322|
a<18>          |c<15>          |   12.671|
a<18>          |c<16>          |   12.512|
a<18>          |c<17>          |   14.011|
a<18>          |c<18>          |   12.687|
a<18>          |c<19>          |   13.693|
a<18>          |c<20>          |   12.485|
a<18>          |c<21>          |   12.681|
a<18>          |c<22>          |   13.100|
a<18>          |c<23>          |   12.597|
a<18>          |c<24>          |   12.833|
a<18>          |c<25>          |   13.071|
a<18>          |c<26>          |   13.585|
a<18>          |c<27>          |   13.603|
a<18>          |c<28>          |   12.009|
a<18>          |c<29>          |   12.874|
a<18>          |c<30>          |   12.289|
a<18>          |c<31>          |   12.396|
a<19>          |c<0>           |   11.795|
a<19>          |c<1>           |   13.753|
a<19>          |c<2>           |   12.811|
a<19>          |c<3>           |   12.057|
a<19>          |c<4>           |   12.696|
a<19>          |c<5>           |   12.900|
a<19>          |c<6>           |   13.301|
a<19>          |c<7>           |   12.287|
a<19>          |c<8>           |   12.672|
a<19>          |c<9>           |   13.198|
a<19>          |c<10>          |   12.745|
a<19>          |c<11>          |   12.332|
a<19>          |c<12>          |   12.435|
a<19>          |c<13>          |   12.640|
a<19>          |c<14>          |   13.586|
a<19>          |c<15>          |   12.362|
a<19>          |c<16>          |   12.776|
a<19>          |c<17>          |   14.369|
a<19>          |c<18>          |   12.791|
a<19>          |c<19>          |   13.136|
a<19>          |c<20>          |   12.565|
a<19>          |c<21>          |   12.852|
a<19>          |c<22>          |   12.879|
a<19>          |c<23>          |   12.040|
a<19>          |c<24>          |   12.913|
a<19>          |c<25>          |   13.242|
a<19>          |c<26>          |   13.030|
a<19>          |c<27>          |   13.046|
a<19>          |c<28>          |   12.089|
a<19>          |c<29>          |   13.045|
a<19>          |c<30>          |   12.130|
a<19>          |c<31>          |   11.839|
a<20>          |c<0>           |   12.478|
a<20>          |c<1>           |   14.066|
a<20>          |c<2>           |   13.146|
a<20>          |c<3>           |   13.031|
a<20>          |c<4>           |   13.024|
a<20>          |c<5>           |   13.213|
a<20>          |c<6>           |   13.636|
a<20>          |c<7>           |   13.261|
a<20>          |c<8>           |   13.355|
a<20>          |c<9>           |   13.511|
a<20>          |c<10>          |   13.080|
a<20>          |c<11>          |   13.306|
a<20>          |c<12>          |   12.429|
a<20>          |c<13>          |   12.953|
a<20>          |c<14>          |   13.921|
a<20>          |c<15>          |   13.336|
a<20>          |c<16>          |   13.459|
a<20>          |c<17>          |   14.682|
a<20>          |c<18>          |   13.126|
a<20>          |c<19>          |   13.366|
a<20>          |c<20>          |   13.781|
a<20>          |c<21>          |   13.944|
a<20>          |c<22>          |   13.718|
a<20>          |c<23>          |   13.551|
a<20>          |c<24>          |   14.129|
a<20>          |c<25>          |   14.334|
a<20>          |c<26>          |   13.869|
a<20>          |c<27>          |   13.638|
a<20>          |c<28>          |   13.305|
a<20>          |c<29>          |   14.137|
a<20>          |c<30>          |   12.969|
a<20>          |c<31>          |   13.773|
a<21>          |c<0>           |   12.470|
a<21>          |c<1>           |   14.071|
a<21>          |c<2>           |   13.154|
a<21>          |c<3>           |   13.953|
a<21>          |c<4>           |   13.016|
a<21>          |c<5>           |   14.261|
a<21>          |c<6>           |   13.644|
a<21>          |c<7>           |   14.183|
a<21>          |c<8>           |   13.347|
a<21>          |c<9>           |   13.516|
a<21>          |c<10>          |   13.088|
a<21>          |c<11>          |   14.228|
a<21>          |c<12>          |   12.421|
a<21>          |c<13>          |   13.122|
a<21>          |c<14>          |   13.929|
a<21>          |c<15>          |   14.258|
a<21>          |c<16>          |   13.451|
a<21>          |c<17>          |   14.687|
a<21>          |c<18>          |   13.134|
a<21>          |c<19>          |   14.288|
a<21>          |c<20>          |   13.665|
a<21>          |c<21>          |   14.449|
a<21>          |c<22>          |   13.331|
a<21>          |c<23>          |   13.341|
a<21>          |c<24>          |   13.172|
a<21>          |c<25>          |   13.723|
a<21>          |c<26>          |   13.482|
a<21>          |c<27>          |   13.428|
a<21>          |c<28>          |   12.681|
a<21>          |c<29>          |   13.526|
a<21>          |c<30>          |   12.582|
a<21>          |c<31>          |   13.563|
a<22>          |c<0>           |   12.652|
a<22>          |c<1>           |   14.351|
a<22>          |c<2>           |   12.960|
a<22>          |c<3>           |   14.233|
a<22>          |c<4>           |   13.198|
a<22>          |c<5>           |   14.541|
a<22>          |c<6>           |   14.503|
a<22>          |c<7>           |   14.463|
a<22>          |c<8>           |   13.529|
a<22>          |c<9>           |   13.796|
a<22>          |c<10>          |   13.059|
a<22>          |c<11>          |   14.508|
a<22>          |c<12>          |   12.603|
a<22>          |c<13>          |   13.402|
a<22>          |c<14>          |   14.269|
a<22>          |c<15>          |   14.538|
a<22>          |c<16>          |   13.633|
a<22>          |c<17>          |   14.967|
a<22>          |c<18>          |   12.940|
a<22>          |c<19>          |   14.568|
a<22>          |c<20>          |   13.847|
a<22>          |c<21>          |   14.729|
a<22>          |c<22>          |   14.418|
a<22>          |c<23>          |   13.218|
a<22>          |c<24>          |   12.875|
a<22>          |c<25>          |   13.514|
a<22>          |c<26>          |   13.802|
a<22>          |c<27>          |   13.305|
a<22>          |c<28>          |   12.384|
a<22>          |c<29>          |   12.969|
a<22>          |c<30>          |   12.902|
a<22>          |c<31>          |   13.440|
a<23>          |c<0>           |   12.820|
a<23>          |c<1>           |   12.662|
a<23>          |c<2>           |   11.442|
a<23>          |c<3>           |   13.232|
a<23>          |c<4>           |   13.366|
a<23>          |c<5>           |   12.971|
a<23>          |c<6>           |   12.985|
a<23>          |c<7>           |   13.808|
a<23>          |c<8>           |   13.697|
a<23>          |c<9>           |   12.107|
a<23>          |c<10>          |   11.541|
a<23>          |c<11>          |   12.781|
a<23>          |c<12>          |   12.771|
a<23>          |c<13>          |   11.832|
a<23>          |c<14>          |   12.751|
a<23>          |c<15>          |   13.543|
a<23>          |c<16>          |   13.801|
a<23>          |c<17>          |   13.278|
a<23>          |c<18>          |   11.422|
a<23>          |c<19>          |   13.567|
a<23>          |c<20>          |   14.015|
a<23>          |c<21>          |   13.159|
a<23>          |c<22>          |   12.900|
a<23>          |c<23>          |   13.839|
a<23>          |c<24>          |   12.154|
a<23>          |c<25>          |   12.679|
a<23>          |c<26>          |   13.099|
a<23>          |c<27>          |   12.335|
a<23>          |c<28>          |   11.663|
a<23>          |c<29>          |   12.134|
a<23>          |c<30>          |   12.526|
a<23>          |c<31>          |   12.470|
a<24>          |c<0>           |   12.232|
a<24>          |c<1>           |   12.611|
a<24>          |c<2>           |   12.168|
a<24>          |c<3>           |   13.181|
a<24>          |c<4>           |   12.933|
a<24>          |c<5>           |   12.920|
a<24>          |c<6>           |   13.711|
a<24>          |c<7>           |   13.757|
a<24>          |c<8>           |   13.119|
a<24>          |c<9>           |   12.056|
a<24>          |c<10>          |   12.267|
a<24>          |c<11>          |   12.730|
a<24>          |c<12>          |   12.338|
a<24>          |c<13>          |   11.781|
a<24>          |c<14>          |   13.477|
a<24>          |c<15>          |   13.492|
a<24>          |c<16>          |   12.534|
a<24>          |c<17>          |   13.227|
a<24>          |c<18>          |   12.148|
a<24>          |c<19>          |   13.516|
a<24>          |c<20>          |   13.582|
a<24>          |c<21>          |   13.108|
a<24>          |c<22>          |   13.626|
a<24>          |c<23>          |   13.788|
a<24>          |c<24>          |   13.586|
a<24>          |c<25>          |   12.391|
a<24>          |c<26>          |   12.944|
a<24>          |c<27>          |   13.080|
a<24>          |c<28>          |   11.988|
a<24>          |c<29>          |   11.846|
a<24>          |c<30>          |   12.371|
a<24>          |c<31>          |   13.118|
a<25>          |c<0>           |   12.568|
a<25>          |c<1>           |   13.214|
a<25>          |c<2>           |   12.504|
a<25>          |c<3>           |   12.337|
a<25>          |c<4>           |   13.269|
a<25>          |c<5>           |   13.035|
a<25>          |c<6>           |   14.047|
a<25>          |c<7>           |   12.913|
a<25>          |c<8>           |   13.455|
a<25>          |c<9>           |   12.142|
a<25>          |c<10>          |   12.603|
a<25>          |c<11>          |   11.886|
a<25>          |c<12>          |   12.674|
a<25>          |c<13>          |   11.896|
a<25>          |c<14>          |   13.813|
a<25>          |c<15>          |   12.648|
a<25>          |c<16>          |   12.870|
a<25>          |c<17>          |   13.256|
a<25>          |c<18>          |   12.484|
a<25>          |c<19>          |   12.672|
a<25>          |c<20>          |   13.918|
a<25>          |c<21>          |   13.223|
a<25>          |c<22>          |   13.962|
a<25>          |c<23>          |   12.944|
a<25>          |c<24>          |   13.922|
a<25>          |c<25>          |   12.553|
a<25>          |c<26>          |   12.835|
a<25>          |c<27>          |   12.673|
a<25>          |c<28>          |   12.244|
a<25>          |c<29>          |   12.008|
a<25>          |c<30>          |   12.262|
a<25>          |c<31>          |   12.711|
a<26>          |c<0>           |   12.246|
a<26>          |c<1>           |   13.657|
a<26>          |c<2>           |   13.072|
a<26>          |c<3>           |   13.485|
a<26>          |c<4>           |   13.716|
a<26>          |c<5>           |   13.478|
a<26>          |c<6>           |   14.159|
a<26>          |c<7>           |   14.061|
a<26>          |c<8>           |   13.133|
a<26>          |c<9>           |   12.585|
a<26>          |c<10>          |   13.131|
a<26>          |c<11>          |   13.034|
a<26>          |c<12>          |   13.121|
a<26>          |c<13>          |   12.339|
a<26>          |c<14>          |   13.925|
a<26>          |c<15>          |   13.796|
a<26>          |c<16>          |   12.548|
a<26>          |c<17>          |   13.699|
a<26>          |c<18>          |   13.052|
a<26>          |c<19>          |   13.820|
a<26>          |c<20>          |   14.365|
a<26>          |c<21>          |   13.666|
a<26>          |c<22>          |   14.074|
a<26>          |c<23>          |   14.092|
a<26>          |c<24>          |   13.600|
a<26>          |c<25>          |   12.856|
a<26>          |c<26>          |   13.541|
a<26>          |c<27>          |   13.192|
a<26>          |c<28>          |   12.714|
a<26>          |c<29>          |   13.092|
a<26>          |c<30>          |   12.824|
a<26>          |c<31>          |   13.230|
a<27>          |c<0>           |   12.013|
a<27>          |c<1>           |   13.822|
a<27>          |c<2>           |   12.084|
a<27>          |c<3>           |   12.626|
a<27>          |c<4>           |   13.483|
a<27>          |c<5>           |   13.643|
a<27>          |c<6>           |   13.171|
a<27>          |c<7>           |   12.775|
a<27>          |c<8>           |   12.900|
a<27>          |c<9>           |   12.750|
a<27>          |c<10>          |   12.143|
a<27>          |c<11>          |   13.370|
a<27>          |c<12>          |   12.888|
a<27>          |c<13>          |   12.504|
a<27>          |c<14>          |   12.937|
a<27>          |c<15>          |   12.965|
a<27>          |c<16>          |   12.315|
a<27>          |c<17>          |   13.864|
a<27>          |c<18>          |   12.064|
a<27>          |c<19>          |   12.961|
a<27>          |c<20>          |   14.132|
a<27>          |c<21>          |   13.831|
a<27>          |c<22>          |   13.086|
a<27>          |c<23>          |   12.806|
a<27>          |c<24>          |   13.367|
a<27>          |c<25>          |   13.021|
a<27>          |c<26>          |   12.553|
a<27>          |c<27>          |   13.181|
a<27>          |c<28>          |   11.824|
a<27>          |c<29>          |   12.100|
a<27>          |c<30>          |   11.837|
a<27>          |c<31>          |   13.219|
a<28>          |c<0>           |   11.922|
a<28>          |c<1>           |   13.917|
a<28>          |c<2>           |   12.784|
a<28>          |c<3>           |   12.969|
a<28>          |c<4>           |   12.549|
a<28>          |c<5>           |   13.738|
a<28>          |c<6>           |   13.871|
a<28>          |c<7>           |   13.118|
a<28>          |c<8>           |   12.809|
a<28>          |c<9>           |   12.845|
a<28>          |c<10>          |   12.843|
a<28>          |c<11>          |   13.713|
a<28>          |c<12>          |   12.075|
a<28>          |c<13>          |   12.599|
a<28>          |c<14>          |   13.637|
a<28>          |c<15>          |   13.308|
a<28>          |c<16>          |   12.224|
a<28>          |c<17>          |   13.959|
a<28>          |c<18>          |   12.764|
a<28>          |c<19>          |   13.304|
a<28>          |c<20>          |   13.198|
a<28>          |c<21>          |   13.926|
a<28>          |c<22>          |   13.786|
a<28>          |c<23>          |   13.149|
a<28>          |c<24>          |   13.276|
a<28>          |c<25>          |   13.116|
a<28>          |c<26>          |   13.253|
a<28>          |c<27>          |   13.140|
a<28>          |c<28>          |   12.711|
a<28>          |c<29>          |   12.510|
a<28>          |c<30>          |   11.967|
a<28>          |c<31>          |   13.602|
a<29>          |c<0>           |   12.061|
a<29>          |c<1>           |   13.857|
a<29>          |c<2>           |   12.996|
a<29>          |c<3>           |   13.276|
a<29>          |c<4>           |   12.688|
a<29>          |c<5>           |   13.409|
a<29>          |c<6>           |   14.083|
a<29>          |c<7>           |   13.425|
a<29>          |c<8>           |   12.948|
a<29>          |c<9>           |   12.754|
a<29>          |c<10>          |   13.055|
a<29>          |c<11>          |   14.020|
a<29>          |c<12>          |   12.214|
a<29>          |c<13>          |   12.245|
a<29>          |c<14>          |   13.849|
a<29>          |c<15>          |   13.615|
a<29>          |c<16>          |   12.363|
a<29>          |c<17>          |   14.363|
a<29>          |c<18>          |   12.976|
a<29>          |c<19>          |   13.611|
a<29>          |c<20>          |   13.337|
a<29>          |c<21>          |   13.597|
a<29>          |c<22>          |   13.998|
a<29>          |c<23>          |   13.456|
a<29>          |c<24>          |   13.415|
a<29>          |c<25>          |   13.025|
a<29>          |c<26>          |   13.465|
a<29>          |c<27>          |   13.447|
a<29>          |c<28>          |   11.769|
a<29>          |c<29>          |   14.272|
a<29>          |c<30>          |   12.411|
a<29>          |c<31>          |   13.731|
a<30>          |c<0>           |   11.917|
a<30>          |c<1>           |   13.781|
a<30>          |c<2>           |   12.848|
a<30>          |c<3>           |   13.136|
a<30>          |c<4>           |   12.544|
a<30>          |c<5>           |   13.200|
a<30>          |c<6>           |   13.122|
a<30>          |c<7>           |   13.285|
a<30>          |c<8>           |   12.804|
a<30>          |c<9>           |   12.545|
a<30>          |c<10>          |   12.704|
a<30>          |c<11>          |   13.880|
a<30>          |c<12>          |   12.070|
a<30>          |c<13>          |   12.036|
a<30>          |c<14>          |   12.094|
a<30>          |c<15>          |   13.475|
a<30>          |c<16>          |   12.219|
a<30>          |c<17>          |   14.154|
a<30>          |c<18>          |   12.828|
a<30>          |c<19>          |   13.471|
a<30>          |c<20>          |   13.193|
a<30>          |c<21>          |   13.388|
a<30>          |c<22>          |   13.037|
a<30>          |c<23>          |   13.316|
a<30>          |c<24>          |   13.271|
a<30>          |c<25>          |   12.816|
a<30>          |c<26>          |   13.211|
a<30>          |c<27>          |   13.307|
a<30>          |c<28>          |   11.625|
a<30>          |c<29>          |   14.196|
a<30>          |c<30>          |   12.721|
a<30>          |c<31>          |   13.332|
a<31>          |c<0>           |   12.850|
a<31>          |c<1>           |   13.748|
a<31>          |c<2>           |   13.595|
a<31>          |c<3>           |   12.931|
a<31>          |c<4>           |   13.477|
a<31>          |c<5>           |   12.925|
a<31>          |c<6>           |   13.869|
a<31>          |c<7>           |   13.322|
a<31>          |c<8>           |   13.737|
a<31>          |c<9>           |   12.488|
a<31>          |c<10>          |   13.451|
a<31>          |c<11>          |   13.675|
a<31>          |c<12>          |   13.003|
a<31>          |c<13>          |   11.885|
a<31>          |c<14>          |   12.841|
a<31>          |c<15>          |   12.964|
a<31>          |c<16>          |   13.297|
a<31>          |c<17>          |   13.879|
a<31>          |c<18>          |   13.575|
a<31>          |c<19>          |   14.059|
a<31>          |c<20>          |   14.126|
a<31>          |c<21>          |   13.113|
a<31>          |c<22>          |   13.784|
a<31>          |c<23>          |   13.353|
a<31>          |c<24>          |   14.204|
a<31>          |c<25>          |   12.965|
a<31>          |c<26>          |   13.958|
a<31>          |c<27>          |   13.102|
a<31>          |c<28>          |   12.558|
a<31>          |c<29>          |   14.163|
a<31>          |c<30>          |   10.861|
a<31>          |c<31>          |   14.079|
alu<0>         |c<1>           |   11.582|
alu<0>         |c<2>           |   13.715|
alu<0>         |c<3>           |   13.855|
alu<0>         |c<4>           |   11.991|
alu<0>         |c<5>           |   13.459|
alu<0>         |c<6>           |   13.989|
alu<0>         |c<7>           |   13.389|
alu<0>         |c<8>           |   11.739|
alu<0>         |c<9>           |   13.021|
alu<0>         |c<10>          |   13.571|
alu<0>         |c<11>          |   14.599|
alu<0>         |c<12>          |   12.831|
alu<0>         |c<13>          |   12.418|
alu<0>         |c<14>          |   12.961|
alu<0>         |c<15>          |   13.031|
alu<0>         |c<16>          |   13.830|
alu<0>         |c<17>          |   14.413|
alu<0>         |c<18>          |   13.695|
alu<0>         |c<19>          |   14.592|
alu<0>         |c<20>          |   12.717|
alu<0>         |c<21>          |   13.647|
alu<0>         |c<22>          |   13.904|
alu<0>         |c<23>          |   13.420|
alu<0>         |c<24>          |   12.729|
alu<0>         |c<25>          |   13.498|
alu<0>         |c<26>          |   14.078|
alu<0>         |c<27>          |   14.026|
alu<0>         |c<28>          |   11.194|
alu<0>         |c<29>          |   12.547|
alu<0>         |c<30>          |   11.915|
alu<0>         |c<31>          |   11.832|
alu<1>         |c<0>           |   10.715|
alu<1>         |c<1>           |   10.979|
alu<1>         |c<2>           |   11.128|
alu<1>         |c<3>           |   11.159|
alu<1>         |c<4>           |   11.333|
alu<1>         |c<5>           |   11.486|
alu<1>         |c<6>           |   11.610|
alu<1>         |c<7>           |   10.766|
alu<1>         |c<8>           |   11.337|
alu<1>         |c<9>           |   11.334|
alu<1>         |c<10>          |   10.646|
alu<1>         |c<11>          |   12.515|
alu<1>         |c<12>          |   11.287|
alu<1>         |c<13>          |   11.122|
alu<1>         |c<14>          |   11.656|
alu<1>         |c<15>          |   12.598|
alu<1>         |c<16>          |   11.321|
alu<1>         |c<17>          |   12.825|
alu<1>         |c<18>          |   11.733|
alu<1>         |c<19>          |   12.790|
alu<1>         |c<20>          |   12.257|
alu<1>         |c<21>          |   12.316|
alu<1>         |c<22>          |   12.382|
alu<1>         |c<23>          |   12.743|
alu<1>         |c<24>          |   12.360|
alu<1>         |c<25>          |   12.355|
alu<1>         |c<26>          |   12.018|
alu<1>         |c<27>          |   11.780|
alu<1>         |c<28>          |   10.887|
alu<1>         |c<29>          |   12.121|
alu<1>         |c<30>          |   10.682|
alu<1>         |c<31>          |   11.961|
b<0>           |c<0>           |   13.486|
b<0>           |c<1>           |   14.135|
b<0>           |c<2>           |   13.214|
b<0>           |c<3>           |   13.683|
b<0>           |c<4>           |   13.819|
b<0>           |c<5>           |   13.991|
b<0>           |c<6>           |   13.836|
b<0>           |c<7>           |   13.913|
b<0>           |c<8>           |   13.859|
b<0>           |c<9>           |   13.622|
b<0>           |c<10>          |   13.188|
b<0>           |c<11>          |   13.958|
b<0>           |c<12>          |   13.446|
b<0>           |c<13>          |   14.107|
b<0>           |c<14>          |   13.704|
b<0>           |c<15>          |   13.988|
b<0>           |c<16>          |   13.963|
b<0>           |c<17>          |   14.417|
b<0>           |c<18>          |   13.194|
b<0>           |c<19>          |   14.167|
b<0>           |c<20>          |   14.582|
b<0>           |c<21>          |   14.255|
b<0>           |c<22>          |   14.371|
b<0>           |c<23>          |   14.002|
b<0>           |c<24>          |   13.711|
b<0>           |c<25>          |   13.945|
b<0>           |c<26>          |   13.892|
b<0>           |c<27>          |   14.077|
b<0>           |c<28>          |   13.085|
b<0>           |c<29>          |   14.171|
b<0>           |c<30>          |   13.669|
b<0>           |c<31>          |   13.698|
b<1>           |c<0>           |   14.226|
b<1>           |c<1>           |   15.086|
b<1>           |c<2>           |   14.357|
b<1>           |c<3>           |   14.459|
b<1>           |c<4>           |   14.772|
b<1>           |c<5>           |   15.165|
b<1>           |c<6>           |   14.995|
b<1>           |c<7>           |   14.562|
b<1>           |c<8>           |   15.103|
b<1>           |c<9>           |   14.978|
b<1>           |c<10>          |   14.450|
b<1>           |c<11>          |   15.157|
b<1>           |c<12>          |   15.094|
b<1>           |c<13>          |   15.214|
b<1>           |c<14>          |   14.761|
b<1>           |c<15>          |   14.930|
b<1>           |c<16>          |   15.207|
b<1>           |c<17>          |   15.241|
b<1>           |c<18>          |   14.539|
b<1>           |c<19>          |   15.073|
b<1>           |c<20>          |   16.230|
b<1>           |c<21>          |   15.702|
b<1>           |c<22>          |   15.919|
b<1>           |c<23>          |   15.557|
b<1>           |c<24>          |   14.856|
b<1>           |c<25>          |   15.319|
b<1>           |c<26>          |   15.032|
b<1>           |c<27>          |   14.983|
b<1>           |c<28>          |   14.733|
b<1>           |c<29>          |   15.618|
b<1>           |c<30>          |   15.217|
b<1>           |c<31>          |   14.491|
b<2>           |c<0>           |   13.207|
b<2>           |c<1>           |   14.151|
b<2>           |c<2>           |   13.565|
b<2>           |c<3>           |   13.861|
b<2>           |c<4>           |   14.193|
b<2>           |c<5>           |   13.229|
b<2>           |c<6>           |   13.979|
b<2>           |c<7>           |   13.918|
b<2>           |c<8>           |   13.464|
b<2>           |c<9>           |   13.283|
b<2>           |c<10>          |   13.458|
b<2>           |c<11>          |   14.605|
b<2>           |c<12>          |   13.705|
b<2>           |c<13>          |   13.902|
b<2>           |c<14>          |   13.745|
b<2>           |c<15>          |   13.890|
b<2>           |c<16>          |   12.920|
b<2>           |c<17>          |   13.942|
b<2>           |c<18>          |   13.696|
b<2>           |c<19>          |   14.306|
b<2>           |c<20>          |   14.842|
b<2>           |c<21>          |   13.878|
b<2>           |c<22>          |   14.459|
b<2>           |c<23>          |   14.517|
b<2>           |c<24>          |   14.161|
b<2>           |c<25>          |   14.101|
b<2>           |c<26>          |   14.322|
b<2>           |c<27>          |   14.216|
b<2>           |c<28>          |   13.344|
b<2>           |c<29>          |   14.281|
b<2>           |c<30>          |   13.757|
b<2>           |c<31>          |   13.511|
b<3>           |c<0>           |   11.114|
b<3>           |c<1>           |   14.017|
b<3>           |c<2>           |   13.298|
b<3>           |c<3>           |   12.669|
b<3>           |c<4>           |   13.174|
b<3>           |c<5>           |   13.313|
b<3>           |c<6>           |   13.336|
b<3>           |c<7>           |   13.594|
b<3>           |c<8>           |   12.300|
b<3>           |c<9>           |   12.878|
b<3>           |c<10>          |   12.750|
b<3>           |c<11>          |   13.288|
b<3>           |c<12>          |   11.894|
b<3>           |c<13>          |   11.999|
b<3>           |c<14>          |   12.625|
b<3>           |c<15>          |   13.784|
b<3>           |c<16>          |   12.653|
b<3>           |c<17>          |   13.212|
b<3>           |c<18>          |   13.429|
b<3>           |c<19>          |   13.607|
b<3>           |c<20>          |   13.354|
b<3>           |c<21>          |   12.764|
b<3>           |c<22>          |   13.971|
b<3>           |c<23>          |   13.625|
b<3>           |c<24>          |   12.891|
b<3>           |c<25>          |   13.077|
b<3>           |c<26>          |   13.221|
b<3>           |c<27>          |   13.143|
b<3>           |c<28>          |   12.150|
b<3>           |c<29>          |   14.432|
b<3>           |c<30>          |   12.648|
b<3>           |c<31>          |   13.450|
b<4>           |c<0>           |   10.611|
b<4>           |c<1>           |   11.654|
b<4>           |c<2>           |   10.576|
b<4>           |c<3>           |   10.332|
b<4>           |c<4>           |   10.534|
b<4>           |c<5>           |   10.233|
b<4>           |c<6>           |   10.880|
b<4>           |c<7>           |   10.442|
b<4>           |c<8>           |   10.760|
b<4>           |c<9>           |   10.325|
b<4>           |c<10>          |   11.946|
b<4>           |c<11>          |   12.084|
b<4>           |c<12>          |   10.718|
b<4>           |c<13>          |   10.701|
b<4>           |c<14>          |   11.107|
b<4>           |c<15>          |   11.049|
b<4>           |c<16>          |   11.286|
b<4>           |c<17>          |   11.919|
b<4>           |c<18>          |   11.134|
b<4>           |c<19>          |   12.134|
b<4>           |c<20>          |   10.829|
b<4>           |c<21>          |   10.969|
b<4>           |c<22>          |   11.839|
b<4>           |c<23>          |   11.149|
b<4>           |c<24>          |   11.068|
b<4>           |c<25>          |   10.940|
b<4>           |c<26>          |   11.299|
b<4>           |c<27>          |   10.846|
b<4>           |c<28>          |   10.821|
b<4>           |c<29>          |   12.726|
b<4>           |c<30>          |   11.731|
b<4>           |c<31>          |   11.981|
---------------+---------------+---------+


Analysis completed Sat Oct 19 17:21:45 2013 
--------------------------------------------------------------------------------

Trace Settings:
-------------------------
Trace Settings 

Peak Memory Usage: 209 MB



